Nov  9 22:46:41 ubuntuA3 syslogd 1.5.0#1ubuntu1: restart.
Nov  9 22:46:41 ubuntuA3 kernel: Inspecting /boot/System.map-2.6.24-26-server
Nov  9 22:46:41 ubuntuA3 kernel: Loaded 28787 symbols from /boot/System.map-2.6.24-26-server.
Nov  9 22:46:41 ubuntuA3 kernel: Symbols match kernel version 2.6.24.
Nov  9 22:46:41 ubuntuA3 kernel: Loaded 15648 symbols from 66 modules.
Nov  9 22:46:41 ubuntuA3 kernel: [    0.000000] Initializing cgroup subsys cpuset
Nov  9 22:46:41 ubuntuA3 kernel: [    0.000000] Initializing cgroup subsys cpu
Nov  9 22:46:41 ubuntuA3 kernel: [    0.000000] Linux version 2.6.24-26-server (buildd@crested) (gcc version 4.2.4 (Ubuntu 4.2.4-1ubuntu3)) #1 SMP Tue Dec 1 18:26:43 UTC 2009 (Ubuntu 2.6.24-26.64-server)
Nov  9 22:46:41 ubuntuA3 kernel: [    0.000000] Command line: root=UUID=ddda493f-9d60-4805-946a-0444fedc3bda ro quiet splash
Nov  9 22:46:41 ubuntuA3 kernel: [    0.000000] BIOS-provided physical RAM map:
Nov  9 22:46:41 ubuntuA3 kernel: [    0.000000]  BIOS-e820: 0000000000000000 - 000000000009e800 (usable)
Nov  9 22:46:41 ubuntuA3 kernel: [    0.000000]  BIOS-e820: 000000000009e800 - 00000000000a0000 (reserved)
Nov  9 22:46:41 ubuntuA3 kernel: [    0.000000]  BIOS-e820: 00000000000dc000 - 0000000000100000 (reserved)
Nov  9 22:46:41 ubuntuA3 kernel: [    0.000000]  BIOS-e820: 0000000000100000 - 00000000bfed0000 (usable)
Nov  9 22:46:41 ubuntuA3 kernel: [    0.000000]  BIOS-e820: 00000000bfed0000 - 00000000bfeff000 (ACPI data)
Nov  9 22:46:41 ubuntuA3 kernel: [    0.000000]  BIOS-e820: 00000000bfeff000 - 00000000bff00000 (ACPI NVS)
Nov  9 22:46:41 ubuntuA3 kernel: [    0.000000]  BIOS-e820: 00000000bff00000 - 00000000c0000000 (usable)
Nov  9 22:46:41 ubuntuA3 kernel: [    0.000000]  BIOS-e820: 00000000f0000000 - 00000000f8000000 (reserved)
Nov  9 22:46:41 ubuntuA3 kernel: [    0.000000]  BIOS-e820: 00000000fec00000 - 00000000fec10000 (reserved)
Nov  9 22:46:41 ubuntuA3 kernel: [    0.000000]  BIOS-e820: 00000000fee00000 - 00000000fee01000 (reserved)
Nov  9 22:46:41 ubuntuA3 kernel: [    0.000000]  BIOS-e820: 00000000fffe0000 - 0000000100000000 (reserved)
Nov  9 22:46:41 ubuntuA3 kernel: [    0.000000]  BIOS-e820: 0000000100000000 - 0000000140000000 (usable)
Nov  9 22:46:41 ubuntuA3 kernel: [    0.000000] end_pfn_map = 1310720
Nov  9 22:46:41 ubuntuA3 kernel: [    0.000000] DMI present.
Nov  9 22:46:41 ubuntuA3 kernel: [    0.000000] ACPI: RSDP signature @ 0xFFFF8100000F6A00 checksum 0
Nov  9 22:46:41 ubuntuA3 kernel: [    0.000000] ACPI: RSDP 000F6A00, 0024 (r2 PTLTD )
Nov  9 22:46:41 ubuntuA3 kernel: [    0.000000] ACPI: XSDT BFEDC633, 005C (r1 INTEL  440BX     6040000 VMW   1324272)
Nov  9 22:46:41 ubuntuA3 kernel: [    0.000000] ACPI: FACP BFEFEE73, 00F4 (r4 INTEL  440BX     6040000 PTL     F4240)
Nov  9 22:46:41 ubuntuA3 kernel: [    0.000000] ACPI: DSDT BFEDD9E8, 2148B (r1 PTLTD  Custom    6040000 MSFT  3000001)
Nov  9 22:46:41 ubuntuA3 kernel: [    0.000000] ACPI: FACS BFEFFFC0, 0040
Nov  9 22:46:41 ubuntuA3 kernel: [    0.000000] ACPI: BOOT BFEDD9C0, 0028 (r1 PTLTD  $SBFTBL$  6040000  LTP        1)
Nov  9 22:46:41 ubuntuA3 kernel: [    0.000000] ACPI: APIC BFEDD27E, 0742 (r1 PTLTD  ^I APIC    6040000  LTP        0)
Nov  9 22:46:41 ubuntuA3 kernel: [    0.000000] ACPI: MCFG BFEDD242, 003C (r1 PTLTD  $PCITBL$  6040000  LTP        1)
Nov  9 22:46:41 ubuntuA3 kernel: [    0.000000] ACPI: SRAT BFEDC72F, 08D0 (r2 VMWARE MEMPLUG   6040000 VMW         1)
Nov  9 22:46:41 ubuntuA3 kernel: [    0.000000] ACPI: HPET BFEDC6F7, 0038 (r1 VMWARE VMW HPET  6040000 VMW         1)
Nov  9 22:46:41 ubuntuA3 kernel: [    0.000000] ACPI: WAET BFEDC6CF, 0028 (r1 VMWARE VMW WAET  6040000 VMW         1)
Nov  9 22:46:41 ubuntuA3 kernel: [    0.000000] SRAT: PXM 0 -> APIC 0 -> Node 0
Nov  9 22:46:41 ubuntuA3 kernel: [    0.000000] SRAT: PXM 0 -> APIC 2 -> Node 0
Nov  9 22:46:41 ubuntuA3 kernel: [    0.000000] SRAT: PXM 0 -> APIC 4 -> Node 0
Nov  9 22:46:41 ubuntuA3 kernel: [    0.000000] SRAT: PXM 0 -> APIC 6 -> Node 0
Nov  9 22:46:41 ubuntuA3 kernel: [    0.000000] SRAT: PXM 0 -> APIC 8 -> Node 0
Nov  9 22:46:41 ubuntuA3 kernel: [    0.000000] SRAT: PXM 0 -> APIC 10 -> Node 0
Nov  9 22:46:41 ubuntuA3 kernel: [    0.000000] SRAT: PXM 0 -> APIC 12 -> Node 0
Nov  9 22:46:41 ubuntuA3 kernel: [    0.000000] SRAT: PXM 0 -> APIC 14 -> Node 0
Nov  9 22:46:41 ubuntuA3 kernel: [    0.000000] SRAT: PXM 0 -> APIC 16 -> Node 0
Nov  9 22:46:41 ubuntuA3 kernel: [    0.000000] SRAT: PXM 0 -> APIC 18 -> Node 0
Nov  9 22:46:41 ubuntuA3 kernel: [    0.000000] SRAT: PXM 0 -> APIC 20 -> Node 0
Nov  9 22:46:41 ubuntuA3 kernel: [    0.000000] SRAT: PXM 0 -> APIC 22 -> Node 0
Nov  9 22:46:41 ubuntuA3 kernel: [    0.000000] SRAT: PXM 0 -> APIC 24 -> Node 0
Nov  9 22:46:41 ubuntuA3 kernel: [    0.000000] SRAT: PXM 0 -> APIC 26 -> Node 0
Nov  9 22:46:41 ubuntuA3 kernel: [    0.000000] SRAT: PXM 0 -> APIC 28 -> Node 0
Nov  9 22:46:41 ubuntuA3 kernel: [    0.000000] SRAT: PXM 0 -> APIC 30 -> Node 0
Nov  9 22:46:41 ubuntuA3 kernel: [    0.000000] SRAT: PXM 0 -> APIC 32 -> Node 0
Nov  9 22:46:41 ubuntuA3 kernel: [    0.000000] SRAT: PXM 0 -> APIC 34 -> Node 0
Nov  9 22:46:41 ubuntuA3 kernel: [    0.000000] SRAT: PXM 0 -> APIC 36 -> Node 0
Nov  9 22:46:41 ubuntuA3 kernel: [    0.000000] SRAT: PXM 0 -> APIC 38 -> Node 0
Nov  9 22:46:41 ubuntuA3 kernel: [    0.000000] SRAT: PXM 0 -> APIC 40 -> Node 0
Nov  9 22:46:41 ubuntuA3 kernel: [    0.000000] SRAT: PXM 0 -> APIC 42 -> Node 0
Nov  9 22:46:41 ubuntuA3 kernel: [    0.000000] SRAT: PXM 0 -> APIC 44 -> Node 0
Nov  9 22:46:41 ubuntuA3 kernel: [    0.000000] SRAT: PXM 0 -> APIC 46 -> Node 0
Nov  9 22:46:41 ubuntuA3 kernel: [    0.000000] SRAT: PXM 0 -> APIC 48 -> Node 0
Nov  9 22:46:41 ubuntuA3 kernel: [    0.000000] SRAT: PXM 0 -> APIC 50 -> Node 0
Nov  9 22:46:41 ubuntuA3 kernel: [    0.000000] SRAT: PXM 0 -> APIC 52 -> Node 0
Nov  9 22:46:41 ubuntuA3 kernel: [    0.000000] SRAT: PXM 0 -> APIC 54 -> Node 0
Nov  9 22:46:41 ubuntuA3 kernel: [    0.000000] SRAT: PXM 0 -> APIC 56 -> Node 0
Nov  9 22:46:41 ubuntuA3 kernel: [    0.000000] SRAT: PXM 0 -> APIC 58 -> Node 0
Nov  9 22:46:41 ubuntuA3 kernel: [    0.000000] SRAT: PXM 0 -> APIC 60 -> Node 0
Nov  9 22:46:41 ubuntuA3 kernel: [    0.000000] SRAT: PXM 0 -> APIC 62 -> Node 0
Nov  9 22:46:41 ubuntuA3 kernel: [    0.000000] SRAT: PXM 0 -> APIC 64 -> Node 0
Nov  9 22:46:41 ubuntuA3 kernel: [    0.000000] SRAT: PXM 0 -> APIC 66 -> Node 0
Nov  9 22:46:41 ubuntuA3 kernel: [    0.000000] SRAT: PXM 0 -> APIC 68 -> Node 0
Nov  9 22:46:41 ubuntuA3 kernel: [    0.000000] SRAT: PXM 0 -> APIC 70 -> Node 0
Nov  9 22:46:41 ubuntuA3 kernel: [    0.000000] SRAT: PXM 0 -> APIC 72 -> Node 0
Nov  9 22:46:41 ubuntuA3 kernel: [    0.000000] SRAT: PXM 0 -> APIC 74 -> Node 0
Nov  9 22:46:41 ubuntuA3 kernel: [    0.000000] SRAT: PXM 0 -> APIC 76 -> Node 0
Nov  9 22:46:41 ubuntuA3 kernel: [    0.000000] SRAT: PXM 0 -> APIC 78 -> Node 0
Nov  9 22:46:41 ubuntuA3 kernel: [    0.000000] SRAT: PXM 0 -> APIC 80 -> Node 0
Nov  9 22:46:41 ubuntuA3 kernel: [    0.000000] SRAT: PXM 0 -> APIC 82 -> Node 0
Nov  9 22:46:41 ubuntuA3 kernel: [    0.000000] SRAT: PXM 0 -> APIC 84 -> Node 0
Nov  9 22:46:41 ubuntuA3 kernel: [    0.000000] SRAT: PXM 0 -> APIC 86 -> Node 0
Nov  9 22:46:41 ubuntuA3 kernel: [    0.000000] SRAT: PXM 0 -> APIC 88 -> Node 0
Nov  9 22:46:41 ubuntuA3 kernel: [    0.000000] SRAT: PXM 0 -> APIC 90 -> Node 0
Nov  9 22:46:41 ubuntuA3 kernel: [    0.000000] SRAT: PXM 0 -> APIC 92 -> Node 0
Nov  9 22:46:41 ubuntuA3 kernel: [    0.000000] SRAT: PXM 0 -> APIC 94 -> Node 0
Nov  9 22:46:41 ubuntuA3 kernel: [    0.000000] SRAT: PXM 0 -> APIC 96 -> Node 0
Nov  9 22:46:41 ubuntuA3 kernel: [    0.000000] SRAT: PXM 0 -> APIC 98 -> Node 0
Nov  9 22:46:41 ubuntuA3 kernel: [    0.000000] SRAT: PXM 0 -> APIC 100 -> Node 0
Nov  9 22:46:41 ubuntuA3 kernel: [    0.000000] SRAT: PXM 0 -> APIC 102 -> Node 0
Nov  9 22:46:41 ubuntuA3 kernel: [    0.000000] SRAT: PXM 0 -> APIC 104 -> Node 0
Nov  9 22:46:41 ubuntuA3 kernel: [    0.000000] SRAT: PXM 0 -> APIC 106 -> Node 0
Nov  9 22:46:41 ubuntuA3 kernel: [    0.000000] SRAT: PXM 0 -> APIC 108 -> Node 0
Nov  9 22:46:41 ubuntuA3 kernel: [    0.000000] SRAT: PXM 0 -> APIC 110 -> Node 0
Nov  9 22:46:41 ubuntuA3 kernel: [    0.000000] SRAT: PXM 0 -> APIC 112 -> Node 0
Nov  9 22:46:41 ubuntuA3 kernel: [    0.000000] SRAT: PXM 0 -> APIC 114 -> Node 0
Nov  9 22:46:41 ubuntuA3 kernel: [    0.000000] SRAT: PXM 0 -> APIC 116 -> Node 0
Nov  9 22:46:41 ubuntuA3 kernel: [    0.000000] SRAT: PXM 0 -> APIC 118 -> Node 0
Nov  9 22:46:41 ubuntuA3 kernel: [    0.000000] SRAT: PXM 0 -> APIC 120 -> Node 0
Nov  9 22:46:41 ubuntuA3 kernel: [    0.000000] SRAT: PXM 0 -> APIC 122 -> Node 0
Nov  9 22:46:41 ubuntuA3 kernel: [    0.000000] SRAT: PXM 0 -> APIC 124 -> Node 0
Nov  9 22:46:41 ubuntuA3 kernel: [    0.000000] SRAT: PXM 0 -> APIC 126 -> Node 0
Nov  9 22:46:41 ubuntuA3 kernel: [    0.000000] ACPI: [SRAT:0x00] ignored 64 entries of 128 found
Nov  9 22:46:41 ubuntuA3 kernel: [    0.000000] SRAT: Node 0 PXM 0 0-a0000
Nov  9 22:46:41 ubuntuA3 kernel: [    0.000000] SRAT: Node 0 PXM 0 0-c0000000
Nov  9 22:46:41 ubuntuA3 kernel: [    0.000000] SRAT: Node 0 PXM 0 0-140000000
Nov  9 22:46:41 ubuntuA3 kernel: [    0.000000] Bootmem setup node 0 0000000000000000-0000000140000000
Nov  9 22:46:41 ubuntuA3 kernel: [    0.000000] Zone PFN ranges:
Nov  9 22:46:41 ubuntuA3 kernel: [    0.000000]   DMA             0 ->     4096
Nov  9 22:46:41 ubuntuA3 kernel: [    0.000000]   DMA32        4096 ->  1048576
Nov  9 22:46:41 ubuntuA3 kernel: [    0.000000]   Normal    1048576 ->  1310720
Nov  9 22:46:41 ubuntuA3 kernel: [    0.000000] Movable zone start PFN for each node
Nov  9 22:46:41 ubuntuA3 kernel: [    0.000000] early_node_map[4] active PFN ranges
Nov  9 22:46:41 ubuntuA3 kernel: [    0.000000]     0:        0 ->      158
Nov  9 22:46:41 ubuntuA3 kernel: [    0.000000]     0:      256 ->   786128
Nov  9 22:46:41 ubuntuA3 kernel: [    0.000000]     0:   786176 ->   786432
Nov  9 22:46:41 ubuntuA3 kernel: [    0.000000]     0:  1048576 ->  1310720
Nov  9 22:46:41 ubuntuA3 kernel: [    0.000000] ACPI: PM-Timer IO Port: 0x1008
Nov  9 22:46:41 ubuntuA3 kernel: [    0.000000] ACPI: LAPIC (acpi_id[0x00] lapic_id[0x00] enabled)
Nov  9 22:46:41 ubuntuA3 kernel: [    0.000000] Processor #0 (Bootup-CPU)
Nov  9 22:46:41 ubuntuA3 kernel: [    0.000000] ACPI: LAPIC (acpi_id[0x01] lapic_id[0x02] enabled)
Nov  9 22:46:41 ubuntuA3 kernel: [    0.000000] Processor #2
Nov  9 22:46:41 ubuntuA3 kernel: [    0.000000] ACPI: LAPIC (acpi_id[0x02] lapic_id[0x04] disabled)
Nov  9 22:46:41 ubuntuA3 kernel: [    0.000000] ACPI: LAPIC (acpi_id[0x03] lapic_id[0x06] disabled)
Nov  9 22:46:41 ubuntuA3 kernel: [    0.000000] ACPI: LAPIC (acpi_id[0x04] lapic_id[0x08] disabled)
Nov  9 22:46:41 ubuntuA3 kernel: [    0.000000] ACPI: LAPIC (acpi_id[0x05] lapic_id[0x0a] disabled)
Nov  9 22:46:41 ubuntuA3 kernel: [    0.000000] ACPI: LAPIC (acpi_id[0x06] lapic_id[0x0c] disabled)
Nov  9 22:46:41 ubuntuA3 kernel: [    0.000000] ACPI: LAPIC (acpi_id[0x07] lapic_id[0x0e] disabled)
Nov  9 22:46:41 ubuntuA3 kernel: [    0.000000] ACPI: LAPIC (acpi_id[0x08] lapic_id[0x10] disabled)
Nov  9 22:46:41 ubuntuA3 kernel: [    0.000000] ACPI: LAPIC (acpi_id[0x09] lapic_id[0x12] disabled)
Nov  9 22:46:41 ubuntuA3 kernel: [    0.000000] ACPI: LAPIC (acpi_id[0x0a] lapic_id[0x14] disabled)
Nov  9 22:46:41 ubuntuA3 kernel: [    0.000000] ACPI: LAPIC (acpi_id[0x0b] lapic_id[0x16] disabled)
Nov  9 22:46:41 ubuntuA3 kernel: [    0.000000] ACPI: LAPIC (acpi_id[0x0c] lapic_id[0x18] disabled)
Nov  9 22:46:41 ubuntuA3 kernel: [    0.000000] ACPI: LAPIC (acpi_id[0x0d] lapic_id[0x1a] disabled)
Nov  9 22:46:41 ubuntuA3 kernel: [    0.000000] ACPI: LAPIC (acpi_id[0x0e] lapic_id[0x1c] disabled)
Nov  9 22:46:41 ubuntuA3 kernel: [    0.000000] ACPI: LAPIC (acpi_id[0x0f] lapic_id[0x1e] disabled)
Nov  9 22:46:41 ubuntuA3 kernel: [    0.000000] ACPI: LAPIC (acpi_id[0x10] lapic_id[0x20] disabled)
Nov  9 22:46:41 ubuntuA3 kernel: [    0.000000] ACPI: LAPIC (acpi_id[0x11] lapic_id[0x22] disabled)
Nov  9 22:46:41 ubuntuA3 kernel: [    0.000000] ACPI: LAPIC (acpi_id[0x12] lapic_id[0x24] disabled)
Nov  9 22:46:41 ubuntuA3 kernel: [    0.000000] ACPI: LAPIC (acpi_id[0x13] lapic_id[0x26] disabled)
Nov  9 22:46:41 ubuntuA3 kernel: [    0.000000] ACPI: LAPIC (acpi_id[0x14] lapic_id[0x28] disabled)
Nov  9 22:46:41 ubuntuA3 kernel: [    0.000000] ACPI: LAPIC (acpi_id[0x15] lapic_id[0x2a] disabled)
Nov  9 22:46:41 ubuntuA3 kernel: [    0.000000] ACPI: LAPIC (acpi_id[0x16] lapic_id[0x2c] disabled)
Nov  9 22:46:41 ubuntuA3 kernel: [    0.000000] ACPI: LAPIC (acpi_id[0x17] lapic_id[0x2e] disabled)
Nov  9 22:46:41 ubuntuA3 kernel: [    0.000000] ACPI: LAPIC (acpi_id[0x18] lapic_id[0x30] disabled)
Nov  9 22:46:41 ubuntuA3 kernel: [    0.000000] ACPI: LAPIC (acpi_id[0x19] lapic_id[0x32] disabled)
Nov  9 22:46:41 ubuntuA3 kernel: [    0.000000] ACPI: LAPIC (acpi_id[0x1a] lapic_id[0x34] disabled)
Nov  9 22:46:41 ubuntuA3 kernel: [    0.000000] ACPI: LAPIC (acpi_id[0x1b] lapic_id[0x36] disabled)
Nov  9 22:46:41 ubuntuA3 kernel: [    0.000000] ACPI: LAPIC (acpi_id[0x1c] lapic_id[0x38] disabled)
Nov  9 22:46:41 ubuntuA3 kernel: [    0.000000] ACPI: LAPIC (acpi_id[0x1d] lapic_id[0x3a] disabled)
Nov  9 22:46:41 ubuntuA3 kernel: [    0.000000] ACPI: LAPIC (acpi_id[0x1e] lapic_id[0x3c] disabled)
Nov  9 22:46:41 ubuntuA3 kernel: [    0.000000] ACPI: LAPIC (acpi_id[0x1f] lapic_id[0x3e] disabled)
Nov  9 22:46:41 ubuntuA3 kernel: [    0.000000] ACPI: LAPIC (acpi_id[0x20] lapic_id[0x40] disabled)
Nov  9 22:46:41 ubuntuA3 kernel: [    0.000000] ACPI: LAPIC (acpi_id[0x21] lapic_id[0x42] disabled)
Nov  9 22:46:41 ubuntuA3 kernel: [    0.000000] ACPI: LAPIC (acpi_id[0x22] lapic_id[0x44] disabled)
Nov  9 22:46:41 ubuntuA3 kernel: [    0.000000] ACPI: LAPIC (acpi_id[0x23] lapic_id[0x46] disabled)
Nov  9 22:46:41 ubuntuA3 kernel: [    0.000000] ACPI: LAPIC (acpi_id[0x24] lapic_id[0x48] disabled)
Nov  9 22:46:41 ubuntuA3 kernel: [    0.000000] ACPI: LAPIC (acpi_id[0x25] lapic_id[0x4a] disabled)
Nov  9 22:46:41 ubuntuA3 kernel: [    0.000000] ACPI: LAPIC (acpi_id[0x26] lapic_id[0x4c] disabled)
Nov  9 22:46:41 ubuntuA3 kernel: [    0.000000] ACPI: LAPIC (acpi_id[0x27] lapic_id[0x4e] disabled)
Nov  9 22:46:41 ubuntuA3 kernel: [    0.000000] ACPI: LAPIC (acpi_id[0x28] lapic_id[0x50] disabled)
Nov  9 22:46:41 ubuntuA3 kernel: [    0.000000] ACPI: LAPIC (acpi_id[0x29] lapic_id[0x52] disabled)
Nov  9 22:46:41 ubuntuA3 kernel: [    0.000000] ACPI: LAPIC (acpi_id[0x2a] lapic_id[0x54] disabled)
Nov  9 22:46:41 ubuntuA3 kernel: [    0.000000] ACPI: LAPIC (acpi_id[0x2b] lapic_id[0x56] disabled)
Nov  9 22:46:41 ubuntuA3 kernel: [    0.000000] ACPI: LAPIC (acpi_id[0x2c] lapic_id[0x58] disabled)
Nov  9 22:46:41 ubuntuA3 kernel: [    0.000000] ACPI: LAPIC (acpi_id[0x2d] lapic_id[0x5a] disabled)
Nov  9 22:46:41 ubuntuA3 kernel: [    0.000000] ACPI: LAPIC (acpi_id[0x2e] lapic_id[0x5c] disabled)
Nov  9 22:46:41 ubuntuA3 kernel: [    0.000000] ACPI: LAPIC (acpi_id[0x2f] lapic_id[0x5e] disabled)
Nov  9 22:46:41 ubuntuA3 kernel: [    0.000000] ACPI: LAPIC (acpi_id[0x30] lapic_id[0x60] disabled)
Nov  9 22:46:41 ubuntuA3 kernel: [    0.000000] ACPI: LAPIC (acpi_id[0x31] lapic_id[0x62] disabled)
Nov  9 22:46:41 ubuntuA3 kernel: [    0.000000] ACPI: LAPIC (acpi_id[0x32] lapic_id[0x64] disabled)
Nov  9 22:46:41 ubuntuA3 kernel: [    0.000000] ACPI: LAPIC (acpi_id[0x33] lapic_id[0x66] disabled)
Nov  9 22:46:41 ubuntuA3 kernel: [    0.000000] ACPI: LAPIC (acpi_id[0x34] lapic_id[0x68] disabled)
Nov  9 22:46:41 ubuntuA3 kernel: [    0.000000] ACPI: LAPIC (acpi_id[0x35] lapic_id[0x6a] disabled)
Nov  9 22:46:41 ubuntuA3 kernel: [    0.000000] ACPI: LAPIC (acpi_id[0x36] lapic_id[0x6c] disabled)
Nov  9 22:46:41 ubuntuA3 kernel: [    0.000000] ACPI: LAPIC (acpi_id[0x37] lapic_id[0x6e] disabled)
Nov  9 22:46:41 ubuntuA3 kernel: [    0.000000] ACPI: LAPIC (acpi_id[0x38] lapic_id[0x70] disabled)
Nov  9 22:46:41 ubuntuA3 kernel: [    0.000000] ACPI: LAPIC (acpi_id[0x39] lapic_id[0x72] disabled)
Nov  9 22:46:41 ubuntuA3 kernel: [    0.000000] ACPI: LAPIC (acpi_id[0x3a] lapic_id[0x74] disabled)
Nov  9 22:46:41 ubuntuA3 kernel: [    0.000000] ACPI: LAPIC (acpi_id[0x3b] lapic_id[0x76] disabled)
Nov  9 22:46:41 ubuntuA3 kernel: [    0.000000] ACPI: LAPIC (acpi_id[0x3c] lapic_id[0x78] disabled)
Nov  9 22:46:41 ubuntuA3 kernel: [    0.000000] ACPI: LAPIC (acpi_id[0x3d] lapic_id[0x7a] disabled)
Nov  9 22:46:41 ubuntuA3 kernel: [    0.000000] ACPI: LAPIC (acpi_id[0x3e] lapic_id[0x7c] disabled)
Nov  9 22:46:41 ubuntuA3 kernel: [    0.000000] ACPI: LAPIC (acpi_id[0x3f] lapic_id[0x7e] disabled)
Nov  9 22:46:41 ubuntuA3 kernel: [    0.000000] ACPI: LAPIC (acpi_id[0x40] lapic_id[0x80] disabled)
Nov  9 22:46:41 ubuntuA3 kernel: [    0.000000] ACPI: LAPIC (acpi_id[0x41] lapic_id[0x82] disabled)
Nov  9 22:46:41 ubuntuA3 kernel: [    0.000000] ACPI: LAPIC (acpi_id[0x42] lapic_id[0x84] disabled)
Nov  9 22:46:41 ubuntuA3 kernel: [    0.000000] ACPI: LAPIC (acpi_id[0x43] lapic_id[0x86] disabled)
Nov  9 22:46:41 ubuntuA3 kernel: [    0.000000] ACPI: LAPIC (acpi_id[0x44] lapic_id[0x88] disabled)
Nov  9 22:46:41 ubuntuA3 kernel: [    0.000000] ACPI: LAPIC (acpi_id[0x45] lapic_id[0x8a] disabled)
Nov  9 22:46:41 ubuntuA3 kernel: [    0.000000] ACPI: LAPIC (acpi_id[0x46] lapic_id[0x8c] disabled)
Nov  9 22:46:41 ubuntuA3 kernel: [    0.000000] ACPI: LAPIC (acpi_id[0x47] lapic_id[0x8e] disabled)
Nov  9 22:46:41 ubuntuA3 kernel: [    0.000000] ACPI: LAPIC (acpi_id[0x48] lapic_id[0x90] disabled)
Nov  9 22:46:41 ubuntuA3 kernel: [    0.000000] ACPI: LAPIC (acpi_id[0x49] lapic_id[0x92] disabled)
Nov  9 22:46:41 ubuntuA3 kernel: [    0.000000] ACPI: LAPIC (acpi_id[0x4a] lapic_id[0x94] disabled)
Nov  9 22:46:41 ubuntuA3 kernel: [    0.000000] ACPI: LAPIC (acpi_id[0x4b] lapic_id[0x96] disabled)
Nov  9 22:46:41 ubuntuA3 kernel: [    0.000000] ACPI: LAPIC (acpi_id[0x4c] lapic_id[0x98] disabled)
Nov  9 22:46:41 ubuntuA3 kernel: [    0.000000] ACPI: LAPIC (acpi_id[0x4d] lapic_id[0x9a] disabled)
Nov  9 22:46:41 ubuntuA3 kernel: [    0.000000] ACPI: LAPIC (acpi_id[0x4e] lapic_id[0x9c] disabled)
Nov  9 22:46:41 ubuntuA3 kernel: [    0.000000] ACPI: LAPIC (acpi_id[0x4f] lapic_id[0x9e] disabled)
Nov  9 22:46:41 ubuntuA3 kernel: [    0.000000] ACPI: LAPIC (acpi_id[0x50] lapic_id[0xa0] disabled)
Nov  9 22:46:41 ubuntuA3 kernel: [    0.000000] ACPI: LAPIC (acpi_id[0x51] lapic_id[0xa2] disabled)
Nov  9 22:46:41 ubuntuA3 kernel: [    0.000000] ACPI: LAPIC (acpi_id[0x52] lapic_id[0xa4] disabled)
Nov  9 22:46:41 ubuntuA3 kernel: [    0.000000] ACPI: LAPIC (acpi_id[0x53] lapic_id[0xa6] disabled)
Nov  9 22:46:41 ubuntuA3 kernel: [    0.000000] ACPI: LAPIC (acpi_id[0x54] lapic_id[0xa8] disabled)
Nov  9 22:46:41 ubuntuA3 kernel: [    0.000000] ACPI: LAPIC (acpi_id[0x55] lapic_id[0xaa] disabled)
Nov  9 22:46:41 ubuntuA3 kernel: [    0.000000] ACPI: LAPIC (acpi_id[0x56] lapic_id[0xac] disabled)
Nov  9 22:46:41 ubuntuA3 kernel: [    0.000000] ACPI: LAPIC (acpi_id[0x57] lapic_id[0xae] disabled)
Nov  9 22:46:41 ubuntuA3 kernel: [    0.000000] ACPI: LAPIC (acpi_id[0x58] lapic_id[0xb0] disabled)
Nov  9 22:46:41 ubuntuA3 kernel: [    0.000000] ACPI: LAPIC (acpi_id[0x59] lapic_id[0xb2] disabled)
Nov  9 22:46:41 ubuntuA3 kernel: [    0.000000] ACPI: LAPIC (acpi_id[0x5a] lapic_id[0xb4] disabled)
Nov  9 22:46:41 ubuntuA3 kernel: [    0.000000] ACPI: LAPIC (acpi_id[0x5b] lapic_id[0xb6] disabled)
Nov  9 22:46:41 ubuntuA3 kernel: [    0.000000] ACPI: LAPIC (acpi_id[0x5c] lapic_id[0xb8] disabled)
Nov  9 22:46:41 ubuntuA3 kernel: [    0.000000] ACPI: LAPIC (acpi_id[0x5d] lapic_id[0xba] disabled)
Nov  9 22:46:41 ubuntuA3 kernel: [    0.000000] ACPI: LAPIC (acpi_id[0x5e] lapic_id[0xbc] disabled)
Nov  9 22:46:41 ubuntuA3 kernel: [    0.000000] ACPI: LAPIC (acpi_id[0x5f] lapic_id[0xbe] disabled)
Nov  9 22:46:41 ubuntuA3 kernel: [    0.000000] ACPI: LAPIC (acpi_id[0x60] lapic_id[0xc0] disabled)
Nov  9 22:46:41 ubuntuA3 kernel: [    0.000000] ACPI: LAPIC (acpi_id[0x61] lapic_id[0xc2] disabled)
Nov  9 22:46:41 ubuntuA3 kernel: [    0.000000] ACPI: LAPIC (acpi_id[0x62] lapic_id[0xc4] disabled)
Nov  9 22:46:41 ubuntuA3 kernel: [    0.000000] ACPI: LAPIC (acpi_id[0x63] lapic_id[0xc6] disabled)
Nov  9 22:46:41 ubuntuA3 kernel: [    0.000000] ACPI: LAPIC (acpi_id[0x64] lapic_id[0xc8] disabled)
Nov  9 22:46:41 ubuntuA3 kernel: [    0.000000] ACPI: LAPIC (acpi_id[0x65] lapic_id[0xca] disabled)
Nov  9 22:46:41 ubuntuA3 kernel: [    0.000000] ACPI: LAPIC (acpi_id[0x66] lapic_id[0xcc] disabled)
Nov  9 22:46:41 ubuntuA3 kernel: [    0.000000] ACPI: LAPIC (acpi_id[0x67] lapic_id[0xce] disabled)
Nov  9 22:46:41 ubuntuA3 kernel: [    0.000000] ACPI: LAPIC (acpi_id[0x68] lapic_id[0xd0] disabled)
Nov  9 22:46:41 ubuntuA3 kernel: [    0.000000] ACPI: LAPIC (acpi_id[0x69] lapic_id[0xd2] disabled)
Nov  9 22:46:41 ubuntuA3 kernel: [    0.000000] ACPI: LAPIC (acpi_id[0x6a] lapic_id[0xd4] disabled)
Nov  9 22:46:41 ubuntuA3 kernel: [    0.000000] ACPI: LAPIC (acpi_id[0x6b] lapic_id[0xd6] disabled)
Nov  9 22:46:41 ubuntuA3 kernel: [    0.000000] ACPI: LAPIC (acpi_id[0x6c] lapic_id[0xd8] disabled)
Nov  9 22:46:41 ubuntuA3 kernel: [    0.000000] ACPI: LAPIC (acpi_id[0x6d] lapic_id[0xda] disabled)
Nov  9 22:46:41 ubuntuA3 kernel: [    0.000000] ACPI: LAPIC (acpi_id[0x6e] lapic_id[0xdc] disabled)
Nov  9 22:46:41 ubuntuA3 kernel: [    0.000000] ACPI: LAPIC (acpi_id[0x6f] lapic_id[0xde] disabled)
Nov  9 22:46:41 ubuntuA3 kernel: [    0.000000] ACPI: LAPIC (acpi_id[0x70] lapic_id[0xe0] disabled)
Nov  9 22:46:41 ubuntuA3 kernel: [    0.000000] ACPI: LAPIC (acpi_id[0x71] lapic_id[0xe2] disabled)
Nov  9 22:46:41 ubuntuA3 kernel: [    0.000000] ACPI: LAPIC (acpi_id[0x72] lapic_id[0xe4] disabled)
Nov  9 22:46:41 ubuntuA3 kernel: [    0.000000] ACPI: LAPIC (acpi_id[0x73] lapic_id[0xe6] disabled)
Nov  9 22:46:41 ubuntuA3 kernel: [    0.000000] ACPI: LAPIC (acpi_id[0x74] lapic_id[0xe8] disabled)
Nov  9 22:46:41 ubuntuA3 kernel: [    0.000000] ACPI: LAPIC (acpi_id[0x75] lapic_id[0xea] disabled)
Nov  9 22:46:41 ubuntuA3 kernel: [    0.000000] ACPI: LAPIC (acpi_id[0x76] lapic_id[0xec] disabled)
Nov  9 22:46:41 ubuntuA3 kernel: [    0.000000] ACPI: LAPIC (acpi_id[0x77] lapic_id[0xee] disabled)
Nov  9 22:46:41 ubuntuA3 kernel: [    0.000000] ACPI: LAPIC (acpi_id[0x78] lapic_id[0xf0] disabled)
Nov  9 22:46:41 ubuntuA3 kernel: [    0.000000] ACPI: LAPIC (acpi_id[0x79] lapic_id[0xf2] disabled)
Nov  9 22:46:41 ubuntuA3 kernel: [    0.000000] ACPI: LAPIC (acpi_id[0x7a] lapic_id[0xf4] disabled)
Nov  9 22:46:41 ubuntuA3 kernel: [    0.000000] ACPI: LAPIC (acpi_id[0x7b] lapic_id[0xf6] disabled)
Nov  9 22:46:41 ubuntuA3 kernel: [    0.000000] ACPI: LAPIC (acpi_id[0x7c] lapic_id[0xf8] disabled)
Nov  9 22:46:41 ubuntuA3 kernel: [    0.000000] ACPI: LAPIC (acpi_id[0x7d] lapic_id[0xfa] disabled)
Nov  9 22:46:41 ubuntuA3 kernel: [    0.000000] ACPI: LAPIC (acpi_id[0x7e] lapic_id[0xfc] disabled)
Nov  9 22:46:41 ubuntuA3 kernel: [    0.000000] ACPI: LAPIC (acpi_id[0x7f] lapic_id[0xfe] disabled)
Nov  9 22:46:41 ubuntuA3 kernel: [    0.000000] ACPI: LAPIC_NMI (acpi_id[0x00] high edge lint[0x1])
Nov  9 22:46:41 ubuntuA3 kernel: [    0.000000] ACPI: LAPIC_NMI (acpi_id[0x01] high edge lint[0x1])
Nov  9 22:46:41 ubuntuA3 kernel: [    0.000000] ACPI: LAPIC_NMI (acpi_id[0x02] high edge lint[0x1])
Nov  9 22:46:41 ubuntuA3 kernel: [    0.000000] ACPI: LAPIC_NMI (acpi_id[0x03] high edge lint[0x1])
Nov  9 22:46:41 ubuntuA3 kernel: [    0.000000] ACPI: LAPIC_NMI (acpi_id[0x04] high edge lint[0x1])
Nov  9 22:46:41 ubuntuA3 kernel: [    0.000000] ACPI: LAPIC_NMI (acpi_id[0x05] high edge lint[0x1])
Nov  9 22:46:41 ubuntuA3 kernel: [    0.000000] ACPI: LAPIC_NMI (acpi_id[0x06] high edge lint[0x1])
Nov  9 22:46:41 ubuntuA3 kernel: [    0.000000] ACPI: LAPIC_NMI (acpi_id[0x07] high edge lint[0x1])
Nov  9 22:46:41 ubuntuA3 kernel: [    0.000000] ACPI: LAPIC_NMI (acpi_id[0x08] high edge lint[0x1])
Nov  9 22:46:41 ubuntuA3 kernel: [    0.000000] ACPI: LAPIC_NMI (acpi_id[0x09] high edge lint[0x1])
Nov  9 22:46:41 ubuntuA3 kernel: [    0.000000] ACPI: LAPIC_NMI (acpi_id[0x0a] high edge lint[0x1])
Nov  9 22:46:41 ubuntuA3 kernel: [    0.000000] ACPI: LAPIC_NMI (acpi_id[0x0b] high edge lint[0x1])
Nov  9 22:46:41 ubuntuA3 kernel: [    0.000000] ACPI: LAPIC_NMI (acpi_id[0x0c] high edge lint[0x1])
Nov  9 22:46:41 ubuntuA3 kernel: [    0.000000] ACPI: LAPIC_NMI (acpi_id[0x0d] high edge lint[0x1])
Nov  9 22:46:41 ubuntuA3 kernel: [    0.000000] ACPI: LAPIC_NMI (acpi_id[0x0e] high edge lint[0x1])
Nov  9 22:46:41 ubuntuA3 kernel: [    0.000000] ACPI: LAPIC_NMI (acpi_id[0x0f] high edge lint[0x1])
Nov  9 22:46:41 ubuntuA3 kernel: [    0.000000] ACPI: LAPIC_NMI (acpi_id[0x10] high edge lint[0x1])
Nov  9 22:46:41 ubuntuA3 kernel: [    0.000000] ACPI: LAPIC_NMI (acpi_id[0x11] high edge lint[0x1])
Nov  9 22:46:41 ubuntuA3 kernel: [    0.000000] ACPI: LAPIC_NMI (acpi_id[0x12] high edge lint[0x1])
Nov  9 22:46:41 ubuntuA3 kernel: [    0.000000] ACPI: LAPIC_NMI (acpi_id[0x13] high edge lint[0x1])
Nov  9 22:46:41 ubuntuA3 kernel: [    0.000000] ACPI: LAPIC_NMI (acpi_id[0x14] high edge lint[0x1])
Nov  9 22:46:41 ubuntuA3 kernel: [    0.000000] ACPI: LAPIC_NMI (acpi_id[0x15] high edge lint[0x1])
Nov  9 22:46:41 ubuntuA3 kernel: [    0.000000] ACPI: LAPIC_NMI (acpi_id[0x16] high edge lint[0x1])
Nov  9 22:46:41 ubuntuA3 kernel: [    0.000000] ACPI: LAPIC_NMI (acpi_id[0x17] high edge lint[0x1])
Nov  9 22:46:41 ubuntuA3 kernel: [    0.000000] ACPI: LAPIC_NMI (acpi_id[0x18] high edge lint[0x1])
Nov  9 22:46:41 ubuntuA3 kernel: [    0.000000] ACPI: LAPIC_NMI (acpi_id[0x19] high edge lint[0x1])
Nov  9 22:46:41 ubuntuA3 kernel: [    0.000000] ACPI: LAPIC_NMI (acpi_id[0x1a] high edge lint[0x1])
Nov  9 22:46:41 ubuntuA3 kernel: [    0.000000] ACPI: LAPIC_NMI (acpi_id[0x1b] high edge lint[0x1])
Nov  9 22:46:41 ubuntuA3 kernel: [    0.000000] ACPI: LAPIC_NMI (acpi_id[0x1c] high edge lint[0x1])
Nov  9 22:46:41 ubuntuA3 kernel: [    0.000000] ACPI: LAPIC_NMI (acpi_id[0x1d] high edge lint[0x1])
Nov  9 22:46:41 ubuntuA3 kernel: [    0.000000] ACPI: LAPIC_NMI (acpi_id[0x1e] high edge lint[0x1])
Nov  9 22:46:41 ubuntuA3 kernel: [    0.000000] ACPI: LAPIC_NMI (acpi_id[0x1f] high edge lint[0x1])
Nov  9 22:46:41 ubuntuA3 kernel: [    0.000000] ACPI: LAPIC_NMI (acpi_id[0x20] high edge lint[0x1])
Nov  9 22:46:41 ubuntuA3 kernel: [    0.000000] ACPI: LAPIC_NMI (acpi_id[0x21] high edge lint[0x1])
Nov  9 22:46:41 ubuntuA3 kernel: [    0.000000] ACPI: LAPIC_NMI (acpi_id[0x22] high edge lint[0x1])
Nov  9 22:46:41 ubuntuA3 kernel: [    0.000000] ACPI: LAPIC_NMI (acpi_id[0x23] high edge lint[0x1])
Nov  9 22:46:41 ubuntuA3 kernel: [    0.000000] ACPI: LAPIC_NMI (acpi_id[0x24] high edge lint[0x1])
Nov  9 22:46:41 ubuntuA3 kernel: [    0.000000] ACPI: LAPIC_NMI (acpi_id[0x25] high edge lint[0x1])
Nov  9 22:46:41 ubuntuA3 kernel: [    0.000000] ACPI: LAPIC_NMI (acpi_id[0x26] high edge lint[0x1])
Nov  9 22:46:41 ubuntuA3 kernel: [    0.000000] ACPI: LAPIC_NMI (acpi_id[0x27] high edge lint[0x1])
Nov  9 22:46:41 ubuntuA3 kernel: [    0.000000] ACPI: LAPIC_NMI (acpi_id[0x28] high edge lint[0x1])
Nov  9 22:46:41 ubuntuA3 kernel: [    0.000000] ACPI: LAPIC_NMI (acpi_id[0x29] high edge lint[0x1])
Nov  9 22:46:41 ubuntuA3 kernel: [    0.000000] ACPI: LAPIC_NMI (acpi_id[0x2a] high edge lint[0x1])
Nov  9 22:46:41 ubuntuA3 kernel: [    0.000000] ACPI: LAPIC_NMI (acpi_id[0x2b] high edge lint[0x1])
Nov  9 22:46:41 ubuntuA3 kernel: [    0.000000] ACPI: LAPIC_NMI (acpi_id[0x2c] high edge lint[0x1])
Nov  9 22:46:41 ubuntuA3 kernel: [    0.000000] ACPI: LAPIC_NMI (acpi_id[0x2d] high edge lint[0x1])
Nov  9 22:46:41 ubuntuA3 kernel: [    0.000000] ACPI: LAPIC_NMI (acpi_id[0x2e] high edge lint[0x1])
Nov  9 22:46:41 ubuntuA3 kernel: [    0.000000] ACPI: LAPIC_NMI (acpi_id[0x2f] high edge lint[0x1])
Nov  9 22:46:41 ubuntuA3 kernel: [    0.000000] ACPI: LAPIC_NMI (acpi_id[0x30] high edge lint[0x1])
Nov  9 22:46:41 ubuntuA3 kernel: [    0.000000] ACPI: LAPIC_NMI (acpi_id[0x31] high edge lint[0x1])
Nov  9 22:46:41 ubuntuA3 kernel: [    0.000000] ACPI: LAPIC_NMI (acpi_id[0x32] high edge lint[0x1])
Nov  9 22:46:41 ubuntuA3 kernel: [    0.000000] ACPI: LAPIC_NMI (acpi_id[0x33] high edge lint[0x1])
Nov  9 22:46:41 ubuntuA3 kernel: [    0.000000] ACPI: LAPIC_NMI (acpi_id[0x34] high edge lint[0x1])
Nov  9 22:46:41 ubuntuA3 kernel: [    0.000000] ACPI: LAPIC_NMI (acpi_id[0x35] high edge lint[0x1])
Nov  9 22:46:41 ubuntuA3 kernel: [    0.000000] ACPI: LAPIC_NMI (acpi_id[0x36] high edge lint[0x1])
Nov  9 22:46:41 ubuntuA3 kernel: [    0.000000] ACPI: LAPIC_NMI (acpi_id[0x37] high edge lint[0x1])
Nov  9 22:46:41 ubuntuA3 kernel: [    0.000000] ACPI: LAPIC_NMI (acpi_id[0x38] high edge lint[0x1])
Nov  9 22:46:41 ubuntuA3 kernel: [    0.000000] ACPI: LAPIC_NMI (acpi_id[0x39] high edge lint[0x1])
Nov  9 22:46:41 ubuntuA3 kernel: [    0.000000] ACPI: LAPIC_NMI (acpi_id[0x3a] high edge lint[0x1])
Nov  9 22:46:41 ubuntuA3 kernel: [    0.000000] ACPI: LAPIC_NMI (acpi_id[0x3b] high edge lint[0x1])
Nov  9 22:46:41 ubuntuA3 kernel: [    0.000000] ACPI: LAPIC_NMI (acpi_id[0x3c] high edge lint[0x1])
Nov  9 22:46:41 ubuntuA3 kernel: [    0.000000] ACPI: LAPIC_NMI (acpi_id[0x3d] high edge lint[0x1])
Nov  9 22:46:41 ubuntuA3 kernel: [    0.000000] ACPI: LAPIC_NMI (acpi_id[0x3e] high edge lint[0x1])
Nov  9 22:46:41 ubuntuA3 kernel: [    0.000000] ACPI: LAPIC_NMI (acpi_id[0x3f] high edge lint[0x1])
Nov  9 22:46:41 ubuntuA3 kernel: [    0.000000] ACPI: LAPIC_NMI (acpi_id[0x40] high edge lint[0x1])
Nov  9 22:46:41 ubuntuA3 kernel: [    0.000000] ACPI: LAPIC_NMI (acpi_id[0x41] high edge lint[0x1])
Nov  9 22:46:41 ubuntuA3 kernel: [    0.000000] ACPI: LAPIC_NMI (acpi_id[0x42] high edge lint[0x1])
Nov  9 22:46:41 ubuntuA3 kernel: [    0.000000] ACPI: LAPIC_NMI (acpi_id[0x43] high edge lint[0x1])
Nov  9 22:46:41 ubuntuA3 kernel: [    0.000000] ACPI: LAPIC_NMI (acpi_id[0x44] high edge lint[0x1])
Nov  9 22:46:41 ubuntuA3 kernel: [    0.000000] ACPI: LAPIC_NMI (acpi_id[0x45] high edge lint[0x1])
Nov  9 22:46:41 ubuntuA3 kernel: [    0.000000] ACPI: LAPIC_NMI (acpi_id[0x46] high edge lint[0x1])
Nov  9 22:46:41 ubuntuA3 kernel: [    0.000000] ACPI: LAPIC_NMI (acpi_id[0x47] high edge lint[0x1])
Nov  9 22:46:41 ubuntuA3 kernel: [    0.000000] ACPI: LAPIC_NMI (acpi_id[0x48] high edge lint[0x1])
Nov  9 22:46:41 ubuntuA3 kernel: [    0.000000] ACPI: LAPIC_NMI (acpi_id[0x49] high edge lint[0x1])
Nov  9 22:46:41 ubuntuA3 kernel: [    0.000000] ACPI: LAPIC_NMI (acpi_id[0x4a] high edge lint[0x1])
Nov  9 22:46:41 ubuntuA3 kernel: [    0.000000] ACPI: LAPIC_NMI (acpi_id[0x4b] high edge lint[0x1])
Nov  9 22:46:41 ubuntuA3 kernel: [    0.000000] ACPI: LAPIC_NMI (acpi_id[0x4c] high edge lint[0x1])
Nov  9 22:46:41 ubuntuA3 kernel: [    0.000000] ACPI: LAPIC_NMI (acpi_id[0x4d] high edge lint[0x1])
Nov  9 22:46:41 ubuntuA3 kernel: [    0.000000] ACPI: LAPIC_NMI (acpi_id[0x4e] high edge lint[0x1])
Nov  9 22:46:41 ubuntuA3 kernel: [    0.000000] ACPI: LAPIC_NMI (acpi_id[0x4f] high edge lint[0x1])
Nov  9 22:46:41 ubuntuA3 kernel: [    0.000000] ACPI: LAPIC_NMI (acpi_id[0x50] high edge lint[0x1])
Nov  9 22:46:41 ubuntuA3 kernel: [    0.000000] ACPI: LAPIC_NMI (acpi_id[0x51] high edge lint[0x1])
Nov  9 22:46:41 ubuntuA3 kernel: [    0.000000] ACPI: LAPIC_NMI (acpi_id[0x52] high edge lint[0x1])
Nov  9 22:46:41 ubuntuA3 kernel: [    0.000000] ACPI: LAPIC_NMI (acpi_id[0x53] high edge lint[0x1])
Nov  9 22:46:41 ubuntuA3 kernel: [    0.000000] ACPI: LAPIC_NMI (acpi_id[0x54] high edge lint[0x1])
Nov  9 22:46:41 ubuntuA3 kernel: [    0.000000] ACPI: LAPIC_NMI (acpi_id[0x55] high edge lint[0x1])
Nov  9 22:46:41 ubuntuA3 kernel: [    0.000000] ACPI: LAPIC_NMI (acpi_id[0x56] high edge lint[0x1])
Nov  9 22:46:41 ubuntuA3 kernel: [    0.000000] ACPI: LAPIC_NMI (acpi_id[0x57] high edge lint[0x1])
Nov  9 22:46:41 ubuntuA3 kernel: [    0.000000] ACPI: LAPIC_NMI (acpi_id[0x58] high edge lint[0x1])
Nov  9 22:46:41 ubuntuA3 kernel: [    0.000000] ACPI: LAPIC_NMI (acpi_id[0x59] high edge lint[0x1])
Nov  9 22:46:41 ubuntuA3 kernel: [    0.000000] ACPI: LAPIC_NMI (acpi_id[0x5a] high edge lint[0x1])
Nov  9 22:46:41 ubuntuA3 kernel: [    0.000000] ACPI: LAPIC_NMI (acpi_id[0x5b] high edge lint[0x1])
Nov  9 22:46:41 ubuntuA3 kernel: [    0.000000] ACPI: LAPIC_NMI (acpi_id[0x5c] high edge lint[0x1])
Nov  9 22:46:41 ubuntuA3 kernel: [    0.000000] ACPI: LAPIC_NMI (acpi_id[0x5d] high edge lint[0x1])
Nov  9 22:46:41 ubuntuA3 kernel: [    0.000000] ACPI: LAPIC_NMI (acpi_id[0x5e] high edge lint[0x1])
Nov  9 22:46:41 ubuntuA3 kernel: [    0.000000] ACPI: LAPIC_NMI (acpi_id[0x5f] high edge lint[0x1])
Nov  9 22:46:41 ubuntuA3 kernel: [    0.000000] ACPI: LAPIC_NMI (acpi_id[0x60] high edge lint[0x1])
Nov  9 22:46:41 ubuntuA3 kernel: [    0.000000] ACPI: LAPIC_NMI (acpi_id[0x61] high edge lint[0x1])
Nov  9 22:46:41 ubuntuA3 kernel: [    0.000000] ACPI: LAPIC_NMI (acpi_id[0x62] high edge lint[0x1])
Nov  9 22:46:41 ubuntuA3 kernel: [    0.000000] ACPI: LAPIC_NMI (acpi_id[0x63] high edge lint[0x1])
Nov  9 22:46:41 ubuntuA3 kernel: [    0.000000] ACPI: LAPIC_NMI (acpi_id[0x64] high edge lint[0x1])
Nov  9 22:46:41 ubuntuA3 kernel: [    0.000000] ACPI: LAPIC_NMI (acpi_id[0x65] high edge lint[0x1])
Nov  9 22:46:41 ubuntuA3 kernel: [    0.000000] ACPI: LAPIC_NMI (acpi_id[0x66] high edge lint[0x1])
Nov  9 22:46:41 ubuntuA3 kernel: [    0.000000] ACPI: LAPIC_NMI (acpi_id[0x67] high edge lint[0x1])
Nov  9 22:46:41 ubuntuA3 kernel: [    0.000000] ACPI: LAPIC_NMI (acpi_id[0x68] high edge lint[0x1])
Nov  9 22:46:41 ubuntuA3 kernel: [    0.000000] ACPI: LAPIC_NMI (acpi_id[0x69] high edge lint[0x1])
Nov  9 22:46:41 ubuntuA3 kernel: [    0.000000] ACPI: LAPIC_NMI (acpi_id[0x6a] high edge lint[0x1])
Nov  9 22:46:41 ubuntuA3 kernel: [    0.000000] ACPI: LAPIC_NMI (acpi_id[0x6b] high edge lint[0x1])
Nov  9 22:46:41 ubuntuA3 kernel: [    0.000000] ACPI: LAPIC_NMI (acpi_id[0x6c] high edge lint[0x1])
Nov  9 22:46:41 ubuntuA3 kernel: [    0.000000] ACPI: LAPIC_NMI (acpi_id[0x6d] high edge lint[0x1])
Nov  9 22:46:41 ubuntuA3 kernel: [    0.000000] ACPI: LAPIC_NMI (acpi_id[0x6e] high edge lint[0x1])
Nov  9 22:46:41 ubuntuA3 kernel: [    0.000000] ACPI: LAPIC_NMI (acpi_id[0x6f] high edge lint[0x1])
Nov  9 22:46:41 ubuntuA3 kernel: [    0.000000] ACPI: LAPIC_NMI (acpi_id[0x70] high edge lint[0x1])
Nov  9 22:46:41 ubuntuA3 kernel: [    0.000000] ACPI: LAPIC_NMI (acpi_id[0x71] high edge lint[0x1])
Nov  9 22:46:41 ubuntuA3 kernel: [    0.000000] ACPI: LAPIC_NMI (acpi_id[0x72] high edge lint[0x1])
Nov  9 22:46:41 ubuntuA3 kernel: [    0.000000] ACPI: LAPIC_NMI (acpi_id[0x73] high edge lint[0x1])
Nov  9 22:46:41 ubuntuA3 kernel: [    0.000000] ACPI: LAPIC_NMI (acpi_id[0x74] high edge lint[0x1])
Nov  9 22:46:41 ubuntuA3 kernel: [    0.000000] ACPI: LAPIC_NMI (acpi_id[0x75] high edge lint[0x1])
Nov  9 22:46:41 ubuntuA3 kernel: [    0.000000] ACPI: LAPIC_NMI (acpi_id[0x76] high edge lint[0x1])
Nov  9 22:46:41 ubuntuA3 kernel: [    0.000000] ACPI: LAPIC_NMI (acpi_id[0x77] high edge lint[0x1])
Nov  9 22:46:41 ubuntuA3 kernel: [    0.000000] ACPI: LAPIC_NMI (acpi_id[0x78] high edge lint[0x1])
Nov  9 22:46:41 ubuntuA3 kernel: [    0.000000] ACPI: LAPIC_NMI (acpi_id[0x79] high edge lint[0x1])
Nov  9 22:46:41 ubuntuA3 kernel: [    0.000000] ACPI: LAPIC_NMI (acpi_id[0x7a] high edge lint[0x1])
Nov  9 22:46:41 ubuntuA3 kernel: [    0.000000] ACPI: LAPIC_NMI (acpi_id[0x7b] high edge lint[0x1])
Nov  9 22:46:41 ubuntuA3 kernel: [    0.000000] ACPI: LAPIC_NMI (acpi_id[0x7c] high edge lint[0x1])
Nov  9 22:46:41 ubuntuA3 kernel: [    0.000000] ACPI: LAPIC_NMI (acpi_id[0x7d] high edge lint[0x1])
Nov  9 22:46:41 ubuntuA3 kernel: [    0.000000] ACPI: LAPIC_NMI (acpi_id[0x7e] high edge lint[0x1])
Nov  9 22:46:41 ubuntuA3 kernel: [    0.000000] ACPI: LAPIC_NMI (acpi_id[0x7f] high edge lint[0x1])
Nov  9 22:46:41 ubuntuA3 kernel: [    0.000000] ACPI: IOAPIC (id[0x01] address[0xfec00000] gsi_base[0])
Nov  9 22:46:41 ubuntuA3 kernel: [    0.000000] IOAPIC[0]: apic_id 1, address 0xfec00000, GSI 0-23
Nov  9 22:46:41 ubuntuA3 kernel: [    0.000000] ACPI: INT_SRC_OVR (bus 0 bus_irq 0 global_irq 2 high edge)
Nov  9 22:46:41 ubuntuA3 kernel: [    0.000000] Setting APIC routing to physical flat
Nov  9 22:46:41 ubuntuA3 kernel: [    0.000000] ACPI: HPET id: 0x8086af01 base: 0xfed00000
Nov  9 22:46:41 ubuntuA3 kernel: [    0.000000] Using ACPI (MADT) for SMP configuration information
Nov  9 22:46:41 ubuntuA3 kernel: [    0.000000] swsusp: Registered nosave memory region: 000000000009e000 - 000000000009f000
Nov  9 22:46:41 ubuntuA3 kernel: [    0.000000] swsusp: Registered nosave memory region: 000000000009f000 - 00000000000a0000
Nov  9 22:46:41 ubuntuA3 kernel: [    0.000000] swsusp: Registered nosave memory region: 00000000000a0000 - 00000000000dc000
Nov  9 22:46:41 ubuntuA3 kernel: [    0.000000] swsusp: Registered nosave memory region: 00000000000dc000 - 0000000000100000
Nov  9 22:46:41 ubuntuA3 kernel: [    0.000000] swsusp: Registered nosave memory region: 00000000bfed0000 - 00000000bfeff000
Nov  9 22:46:41 ubuntuA3 kernel: [    0.000000] swsusp: Registered nosave memory region: 00000000bfeff000 - 00000000bff00000
Nov  9 22:46:41 ubuntuA3 kernel: [    0.000000] swsusp: Registered nosave memory region: 00000000c0000000 - 00000000f0000000
Nov  9 22:46:41 ubuntuA3 kernel: [    0.000000] swsusp: Registered nosave memory region: 00000000f0000000 - 00000000f8000000
Nov  9 22:46:41 ubuntuA3 kernel: [    0.000000] swsusp: Registered nosave memory region: 00000000f8000000 - 00000000fec00000
Nov  9 22:46:41 ubuntuA3 kernel: [    0.000000] swsusp: Registered nosave memory region: 00000000fec00000 - 00000000fec10000
Nov  9 22:46:41 ubuntuA3 kernel: [    0.000000] swsusp: Registered nosave memory region: 00000000fec10000 - 00000000fee00000
Nov  9 22:46:41 ubuntuA3 kernel: [    0.000000] swsusp: Registered nosave memory region: 00000000fee00000 - 00000000fee01000
Nov  9 22:46:41 ubuntuA3 kernel: [    0.000000] swsusp: Registered nosave memory region: 00000000fee01000 - 00000000fffe0000
Nov  9 22:46:41 ubuntuA3 kernel: [    0.000000] swsusp: Registered nosave memory region: 00000000fffe0000 - 0000000100000000
Nov  9 22:46:41 ubuntuA3 kernel: [    0.000000] Allocating PCI resources starting at c4000000 (gap: c0000000:30000000)
Nov  9 22:46:41 ubuntuA3 kernel: [    0.000000] SMP: Allowing 64 CPUs, 62 hotplug CPUs
Nov  9 22:46:41 ubuntuA3 kernel: [    0.000000] PERCPU: Allocating 42080 bytes of per cpu data
Nov  9 22:46:41 ubuntuA3 kernel: [    0.000000] Built 1 zonelists in Node order, mobility grouping on.  Total pages: 1029182
Nov  9 22:46:41 ubuntuA3 kernel: [    0.000000] Policy zone: Normal
Nov  9 22:46:41 ubuntuA3 kernel: [    0.000000] Kernel command line: root=UUID=ddda493f-9d60-4805-946a-0444fedc3bda ro quiet splash
Nov  9 22:46:41 ubuntuA3 kernel: [    0.000000] Initializing CPU#0
Nov  9 22:46:41 ubuntuA3 kernel: [    0.000000] PID hash table entries: 4096 (order: 12, 32768 bytes)
Nov  9 22:46:41 ubuntuA3 kernel: [    0.000000] Extended CMOS year: 2000
Nov  9 22:46:41 ubuntuA3 kernel: [    4.894639] TSC: Frequency read from the hypervisor is 2303.998 MHz
Nov  9 22:46:41 ubuntuA3 kernel: [    4.894640] time.c: Detected 2303.998 MHz processor.
Nov  9 22:46:41 ubuntuA3 kernel: [    4.894796] Console: colour VGA+ 80x25
Nov  9 22:46:41 ubuntuA3 kernel: [    4.894798] console [tty0] enabled
Nov  9 22:46:41 ubuntuA3 kernel: [    4.894817] Checking aperture...
Nov  9 22:46:41 ubuntuA3 kernel: [    4.894874] PCI-DMA: Using software bounce buffering for IO (SWIOTLB)
Nov  9 22:46:41 ubuntuA3 kernel: [    4.904667] Placing software IO TLB between 0x12e9000 - 0x52e9000
Nov  9 22:46:41 ubuntuA3 kernel: [    4.904823] Memory: 4040412k/5242880k available (2529k kernel code, 153308k reserved, 1330k data, 328k init)
Nov  9 22:46:41 ubuntuA3 kernel: [    4.904846] SLUB: Genslabs=12, HWalign=64, Order=0-1, MinObjects=4, CPUs=64, Nodes=1
Nov  9 22:46:41 ubuntuA3 kernel: [    4.904863] Calibrating delay loop (skipped), using tsc calculated value.. 4607.99 BogoMIPS (lpj=23039980)
Nov  9 22:46:41 ubuntuA3 kernel: [    4.904876] Security Framework initialized
Nov  9 22:46:41 ubuntuA3 kernel: [    4.904877] SELinux:  Disabled at boot.
Nov  9 22:46:41 ubuntuA3 kernel: [    4.904883] AppArmor: AppArmor initialized
Nov  9 22:46:41 ubuntuA3 kernel: [    4.904885] Failure registering capabilities with primary security module.
Nov  9 22:46:41 ubuntuA3 kernel: [    4.905014] Dentry cache hash table entries: 524288 (order: 10, 4194304 bytes)
Nov  9 22:46:41 ubuntuA3 kernel: [    4.905170] Inode-cache hash table entries: 262144 (order: 9, 2097152 bytes)
Nov  9 22:46:41 ubuntuA3 kernel: [    4.905333] Mount-cache hash table entries: 256
Nov  9 22:46:41 ubuntuA3 kernel: [    4.905436] Initializing cgroup subsys ns
Nov  9 22:46:41 ubuntuA3 kernel: [    4.905438] Initializing cgroup subsys cpuacct
Nov  9 22:46:41 ubuntuA3 kernel: [    4.905485] CPU: L1 I cache: 32K, L1 D cache: 32K
Nov  9 22:46:41 ubuntuA3 kernel: [    4.905486] CPU: L2 cache: 256K
Nov  9 22:46:41 ubuntuA3 kernel: [    4.905486] CPU: L3 cache: 16384K
Nov  9 22:46:41 ubuntuA3 kernel: [    4.905494] CPU 0/0 -> Node 0
Nov  9 22:46:41 ubuntuA3 kernel: [    4.905586] SMP alternatives: switching to UP code
Nov  9 22:46:41 ubuntuA3 kernel: [    4.905768] Early unpacking initramfs... done
Nov  9 22:46:41 ubuntuA3 kernel: [    4.937295] ACPI: Core revision 20070126
Nov  9 22:46:41 ubuntuA3 kernel: [    4.937389] ACPI: Looking for DSDT in initramfs... error, file /DSDT.aml not found.
Nov  9 22:46:41 ubuntuA3 kernel: [    5.046761] Using local APIC timer interrupts.
Nov  9 22:46:41 ubuntuA3 kernel: [    5.090151] Detected 4.125 MHz APIC timer.
Nov  9 22:46:41 ubuntuA3 kernel: [    5.090360] SMP alternatives: switching to SMP code
Nov  9 22:46:41 ubuntuA3 kernel: [    5.090560] Booting processor 1/2 APIC 0x2
Nov  9 22:46:41 ubuntuA3 kernel: [    5.100799] Initializing CPU#1
Nov  9 22:46:41 ubuntuA3 kernel: [    5.250026] Calibrating delay using timer specific routine.. 4607.66 BogoMIPS (lpj=23038337)
Nov  9 22:46:41 ubuntuA3 kernel: [    5.250067] CPU: L1 I cache: 32K, L1 D cache: 32K
Nov  9 22:46:41 ubuntuA3 kernel: [    5.250068] CPU: L2 cache: 256K
Nov  9 22:46:41 ubuntuA3 kernel: [    5.250068] CPU: L3 cache: 16384K
Nov  9 22:46:41 ubuntuA3 kernel: [    5.250075] CPU 1/2 -> Node 0
Nov  9 22:46:41 ubuntuA3 kernel: [    5.250153] Intel(R) Core(TM) i9-9880H CPU @ 2.30GHz stepping 0d
Nov  9 22:46:41 ubuntuA3 kernel: [    5.250190] Skipping synchronization checks as TSC is reliable.
Nov  9 22:46:41 ubuntuA3 kernel: [    5.250219] Brought up 2 CPUs
Nov  9 22:46:41 ubuntuA3 kernel: [    5.250645] net_namespace: 120 bytes
Nov  9 22:46:41 ubuntuA3 kernel: [    5.250839] Time:  3:46:25  Date: 11/10/20
Nov  9 22:46:41 ubuntuA3 kernel: [    5.250859] NET: Registered protocol family 16
Nov  9 22:46:41 ubuntuA3 kernel: [    5.250956] ACPI: bus type pci registered
Nov  9 22:46:41 ubuntuA3 kernel: [    5.250999] PCI: Using configuration type 1
Nov  9 22:46:41 ubuntuA3 kernel: [    5.460863] ACPI: BIOS _OSI(Linux) query ignored
Nov  9 22:46:41 ubuntuA3 kernel: [    5.460865] ACPI: DMI System Vendor: VMware, Inc.
Nov  9 22:46:41 ubuntuA3 kernel: [    5.460866] ACPI: DMI Product Name: VMware Virtual Platform
Nov  9 22:46:41 ubuntuA3 kernel: [    5.460866] ACPI: DMI Product Version: None
Nov  9 22:46:41 ubuntuA3 kernel: [    5.460867] ACPI: DMI Board Name: 440BX Desktop Reference Platform
Nov  9 22:46:41 ubuntuA3 kernel: [    5.460868] ACPI: DMI BIOS Vendor: Phoenix Technologies LTD
Nov  9 22:46:41 ubuntuA3 kernel: [    5.460869] ACPI: DMI BIOS Date: 02/27/2020
Nov  9 22:46:41 ubuntuA3 kernel: [    5.460869] ACPI: Please send DMI info above to linux-acpi@vger.kernel.org
Nov  9 22:46:41 ubuntuA3 kernel: [    5.460870] ACPI: If "acpi_osi=Linux" works better, please notify linux-acpi@vger.kernel.org
Nov  9 22:46:41 ubuntuA3 kernel: [    5.461026] ACPI: Interpreter enabled
Nov  9 22:46:41 ubuntuA3 kernel: [    5.461028] ACPI: (supports S0 S1 S4 S5)
Nov  9 22:46:41 ubuntuA3 kernel: [    5.461033] ACPI: Using IOAPIC for interrupt routing
Nov  9 22:46:41 ubuntuA3 kernel: [    5.523746] ACPI: PCI Root Bridge [PCI0] (0000:00)
Nov  9 22:46:41 ubuntuA3 kernel: [    5.524081] PCI quirk: region 1000-103f claimed by PIIX4 ACPI
Nov  9 22:46:41 ubuntuA3 kernel: [    5.524090] PCI quirk: region 1040-104f claimed by PIIX4 SMB
Nov  9 22:46:41 ubuntuA3 kernel: [    5.526099] PCI: Transparent bridge - 0000:00:11.0
Nov  9 22:46:41 ubuntuA3 kernel: [    5.610156] ACPI: PCI Interrupt Link [LNKA] (IRQs 3 4 5 6 7 *9 10 11 14 15)
Nov  9 22:46:41 ubuntuA3 kernel: [    5.610312] ACPI: PCI Interrupt Link [LNKB] (IRQs 3 4 5 6 7 9 10 *11 14 15)
Nov  9 22:46:41 ubuntuA3 kernel: [    5.610468] ACPI: PCI Interrupt Link [LNKC] (IRQs 3 4 5 6 7 9 *10 11 14 15)
Nov  9 22:46:41 ubuntuA3 kernel: [    5.610624] ACPI: PCI Interrupt Link [LNKD] (IRQs 3 4 5 6 *7 9 10 11 14 15)
Nov  9 22:46:41 ubuntuA3 kernel: [    5.610790] Linux Plug and Play Support v0.97 (c) Adam Belay
Nov  9 22:46:41 ubuntuA3 kernel: [    5.610803] pnp: PnP ACPI init
Nov  9 22:46:41 ubuntuA3 kernel: [    5.610807] ACPI: bus type pnp registered
Nov  9 22:46:41 ubuntuA3 kernel: [    5.809786] pnp: PnP ACPI: found 11 devices
Nov  9 22:46:41 ubuntuA3 kernel: [    5.809789] ACPI: ACPI bus type pnp unregistered
Nov  9 22:46:41 ubuntuA3 kernel: [    5.809920] PCI: Using ACPI for IRQ routing
Nov  9 22:46:41 ubuntuA3 kernel: [    5.809921] PCI: If a device doesn't work, try "pci=routeirq".  If it helps, post a report
Nov  9 22:46:41 ubuntuA3 kernel: [    5.849484] NET: Registered protocol family 8
Nov  9 22:46:41 ubuntuA3 kernel: [    5.849486] NET: Registered protocol family 20
Nov  9 22:46:41 ubuntuA3 kernel: [    5.849523] NetLabel: Initializing
Nov  9 22:46:41 ubuntuA3 kernel: [    5.849524] NetLabel:  domain hash size = 128
Nov  9 22:46:41 ubuntuA3 kernel: [    5.849525] NetLabel:  protocols = UNLABELED CIPSOv4
Nov  9 22:46:41 ubuntuA3 kernel: [    5.849532] NetLabel:  unlabeled traffic allowed by default
Nov  9 22:46:41 ubuntuA3 kernel: [    5.849545] PCI-GART: No AMD northbridge found.
Nov  9 22:46:41 ubuntuA3 kernel: [    5.849550] hpet0: at MMIO 0xfed00000, IRQs 2, 8, 0, 0, 0, 0, 0, 0, 0, 0, 0, 0, 0, 0, 0, 0
Nov  9 22:46:41 ubuntuA3 kernel: [    5.849555] hpet0: 16 64-bit timers, 14318180 Hz
Nov  9 22:46:41 ubuntuA3 kernel: [    5.850591] AppArmor: AppArmor Filesystem Enabled
Nov  9 22:46:41 ubuntuA3 kernel: [    5.859447] Time: tsc clocksource has been installed.
Nov  9 22:46:41 ubuntuA3 kernel: [    5.879484] system 00:01: ioport range 0x1000-0x103f has been reserved
Nov  9 22:46:41 ubuntuA3 kernel: [    5.879485] system 00:01: ioport range 0x1040-0x104f has been reserved
Nov  9 22:46:41 ubuntuA3 kernel: [    5.879487] system 00:01: ioport range 0xcf0-0xcf1 has been reserved
Nov  9 22:46:41 ubuntuA3 kernel: [    5.879494] system 00:08: iomem range 0xfed00000-0xfed003ff has been reserved
Nov  9 22:46:41 ubuntuA3 kernel: [    5.879496] system 00:0a: ioport range 0xfce0-0xfcff has been reserved
Nov  9 22:46:41 ubuntuA3 kernel: [    5.879498] system 00:0a: iomem range 0xf0000000-0xf7ffffff could not be reserved
Nov  9 22:46:41 ubuntuA3 kernel: [    5.879499] system 00:0a: iomem range 0xfe800000-0xfe9fffff has been reserved
Nov  9 22:46:41 ubuntuA3 kernel: [    5.879883] PCI: Bridge: 0000:00:01.0
Nov  9 22:46:41 ubuntuA3 kernel: [    5.879884]   IO window: disabled.
Nov  9 22:46:41 ubuntuA3 kernel: [    5.879906]   MEM window: disabled.
Nov  9 22:46:41 ubuntuA3 kernel: [    5.879921]   PREFETCH window: disabled.
Nov  9 22:46:41 ubuntuA3 kernel: [    5.879943] PCI: Bridge: 0000:00:11.0
Nov  9 22:46:41 ubuntuA3 kernel: [    5.879951]   IO window: 2000-3fff
Nov  9 22:46:41 ubuntuA3 kernel: [    5.879972]   MEM window: fd500000-fdffffff
Nov  9 22:46:41 ubuntuA3 kernel: [    5.879987]   PREFETCH window: e7b00000-e7ffffff
Nov  9 22:46:41 ubuntuA3 kernel: [    5.880008] PCI: Bridge: 0000:00:15.0
Nov  9 22:46:41 ubuntuA3 kernel: [    5.880016]   IO window: 4000-4fff
Nov  9 22:46:41 ubuntuA3 kernel: [    5.880037]   MEM window: fd400000-fd4fffff
Nov  9 22:46:41 ubuntuA3 kernel: [    5.880051]   PREFETCH window: e7a00000-e7afffff
Nov  9 22:46:41 ubuntuA3 kernel: [    5.880099] PCI: Bridge: 0000:00:15.1
Nov  9 22:46:41 ubuntuA3 kernel: [    5.880108]   IO window: 8000-8fff
Nov  9 22:46:41 ubuntuA3 kernel: [    5.880128]   MEM window: fd000000-fd0fffff
Nov  9 22:46:41 ubuntuA3 kernel: [    5.880142]   PREFETCH window: e7600000-e76fffff
Nov  9 22:46:41 ubuntuA3 kernel: [    5.880166] PCI: Bridge: 0000:00:15.2
Nov  9 22:46:41 ubuntuA3 kernel: [    5.880174]   IO window: c000-cfff
Nov  9 22:46:41 ubuntuA3 kernel: [    5.880194]   MEM window: fcc00000-fccfffff
Nov  9 22:46:41 ubuntuA3 kernel: [    5.880209]   PREFETCH window: e7200000-e72fffff
Nov  9 22:46:41 ubuntuA3 kernel: [    5.880235] PCI: Bridge: 0000:00:15.3
Nov  9 22:46:41 ubuntuA3 kernel: [    5.880236]   IO window: disabled.
Nov  9 22:46:41 ubuntuA3 kernel: [    5.880257]   MEM window: fc800000-fc8fffff
Nov  9 22:46:41 ubuntuA3 kernel: [    5.880271]   PREFETCH window: e6e00000-e6efffff
Nov  9 22:46:41 ubuntuA3 kernel: [    5.880294] PCI: Bridge: 0000:00:15.4
Nov  9 22:46:41 ubuntuA3 kernel: [    5.880295]   IO window: disabled.
Nov  9 22:46:41 ubuntuA3 kernel: [    5.880316]   MEM window: fc400000-fc4fffff
Nov  9 22:46:41 ubuntuA3 kernel: [    5.880330]   PREFETCH window: e6a00000-e6afffff
Nov  9 22:46:41 ubuntuA3 kernel: [    5.880357] PCI: Bridge: 0000:00:15.5
Nov  9 22:46:41 ubuntuA3 kernel: [    5.880357]   IO window: disabled.
Nov  9 22:46:41 ubuntuA3 kernel: [    5.880378]   MEM window: fc000000-fc0fffff
Nov  9 22:46:41 ubuntuA3 kernel: [    5.880392]   PREFETCH window: e6600000-e66fffff
Nov  9 22:46:41 ubuntuA3 kernel: [    5.880416] PCI: Bridge: 0000:00:15.6
Nov  9 22:46:41 ubuntuA3 kernel: [    5.880416]   IO window: disabled.
Nov  9 22:46:41 ubuntuA3 kernel: [    5.880437]   MEM window: fbc00000-fbcfffff
Nov  9 22:46:41 ubuntuA3 kernel: [    5.880452]   PREFETCH window: e6200000-e62fffff
Nov  9 22:46:41 ubuntuA3 kernel: [    5.880478] PCI: Bridge: 0000:00:15.7
Nov  9 22:46:41 ubuntuA3 kernel: [    5.880479]   IO window: disabled.
Nov  9 22:46:41 ubuntuA3 kernel: [    5.880499]   MEM window: fb800000-fb8fffff
Nov  9 22:46:41 ubuntuA3 kernel: [    5.880513]   PREFETCH window: e5e00000-e5efffff
Nov  9 22:46:41 ubuntuA3 kernel: [    5.880536] PCI: Bridge: 0000:00:16.0
Nov  9 22:46:41 ubuntuA3 kernel: [    5.880544]   IO window: 5000-5fff
Nov  9 22:46:41 ubuntuA3 kernel: [    5.880565]   MEM window: fd300000-fd3fffff
Nov  9 22:46:41 ubuntuA3 kernel: [    5.880579]   PREFETCH window: e7900000-e79fffff
Nov  9 22:46:41 ubuntuA3 kernel: [    5.880606] PCI: Bridge: 0000:00:16.1
Nov  9 22:46:41 ubuntuA3 kernel: [    5.880614]   IO window: 9000-9fff
Nov  9 22:46:41 ubuntuA3 kernel: [    5.880634]   MEM window: fcf00000-fcffffff
Nov  9 22:46:41 ubuntuA3 kernel: [    5.880648]   PREFETCH window: e7500000-e75fffff
Nov  9 22:46:41 ubuntuA3 kernel: [    5.880672] PCI: Bridge: 0000:00:16.2
Nov  9 22:46:41 ubuntuA3 kernel: [    5.880680]   IO window: d000-dfff
Nov  9 22:46:41 ubuntuA3 kernel: [    5.880701]   MEM window: fcb00000-fcbfffff
Nov  9 22:46:41 ubuntuA3 kernel: [    5.880715]   PREFETCH window: e7100000-e71fffff
Nov  9 22:46:41 ubuntuA3 kernel: [    5.880742] PCI: Bridge: 0000:00:16.3
Nov  9 22:46:41 ubuntuA3 kernel: [    5.880743]   IO window: disabled.
Nov  9 22:46:41 ubuntuA3 kernel: [    5.880764]   MEM window: fc700000-fc7fffff
Nov  9 22:46:41 ubuntuA3 kernel: [    5.880777]   PREFETCH window: e6d00000-e6dfffff
Nov  9 22:46:41 ubuntuA3 kernel: [    5.880801] PCI: Bridge: 0000:00:16.4
Nov  9 22:46:41 ubuntuA3 kernel: [    5.880802]   IO window: disabled.
Nov  9 22:46:41 ubuntuA3 kernel: [    5.880823]   MEM window: fc300000-fc3fffff
Nov  9 22:46:41 ubuntuA3 kernel: [    5.880870]   PREFETCH window: e6900000-e69fffff
Nov  9 22:46:41 ubuntuA3 kernel: [    5.880918] PCI: Bridge: 0000:00:16.5
Nov  9 22:46:41 ubuntuA3 kernel: [    5.880919]   IO window: disabled.
Nov  9 22:46:41 ubuntuA3 kernel: [    5.880969]   MEM window: fbf00000-fbffffff
Nov  9 22:46:41 ubuntuA3 kernel: [    5.880983]   PREFETCH window: e6500000-e65fffff
Nov  9 22:46:41 ubuntuA3 kernel: [    5.881007] PCI: Bridge: 0000:00:16.6
Nov  9 22:46:41 ubuntuA3 kernel: [    5.881007]   IO window: disabled.
Nov  9 22:46:41 ubuntuA3 kernel: [    5.881029]   MEM window: fbb00000-fbbfffff
Nov  9 22:46:41 ubuntuA3 kernel: [    5.881043]   PREFETCH window: e6100000-e61fffff
Nov  9 22:46:41 ubuntuA3 kernel: [    5.881069] PCI: Bridge: 0000:00:16.7
Nov  9 22:46:41 ubuntuA3 kernel: [    5.881070]   IO window: disabled.
Nov  9 22:46:41 ubuntuA3 kernel: [    5.881090]   MEM window: fb700000-fb7fffff
Nov  9 22:46:41 ubuntuA3 kernel: [    5.881104]   PREFETCH window: e5d00000-e5dfffff
Nov  9 22:46:41 ubuntuA3 kernel: [    5.881128] PCI: Bridge: 0000:00:17.0
Nov  9 22:46:41 ubuntuA3 kernel: [    5.881136]   IO window: 6000-6fff
Nov  9 22:46:41 ubuntuA3 kernel: [    5.881156]   MEM window: fd200000-fd2fffff
Nov  9 22:46:41 ubuntuA3 kernel: [    5.881171]   PREFETCH window: e7800000-e78fffff
Nov  9 22:46:41 ubuntuA3 kernel: [    5.881197] PCI: Bridge: 0000:00:17.1
Nov  9 22:46:41 ubuntuA3 kernel: [    5.881205]   IO window: a000-afff
Nov  9 22:46:41 ubuntuA3 kernel: [    5.881225]   MEM window: fce00000-fcefffff
Nov  9 22:46:41 ubuntuA3 kernel: [    5.881239]   PREFETCH window: e7400000-e74fffff
Nov  9 22:46:41 ubuntuA3 kernel: [    5.881264] PCI: Bridge: 0000:00:17.2
Nov  9 22:46:41 ubuntuA3 kernel: [    5.881272]   IO window: e000-efff
Nov  9 22:46:41 ubuntuA3 kernel: [    5.881292]   MEM window: fca00000-fcafffff
Nov  9 22:46:41 ubuntuA3 kernel: [    5.881307]   PREFETCH window: e7000000-e70fffff
Nov  9 22:46:41 ubuntuA3 kernel: [    5.881334] PCI: Bridge: 0000:00:17.3
Nov  9 22:46:41 ubuntuA3 kernel: [    5.881334]   IO window: disabled.
Nov  9 22:46:41 ubuntuA3 kernel: [    5.881355]   MEM window: fc600000-fc6fffff
Nov  9 22:46:41 ubuntuA3 kernel: [    5.881369]   PREFETCH window: e6c00000-e6cfffff
Nov  9 22:46:41 ubuntuA3 kernel: [    5.881393] PCI: Bridge: 0000:00:17.4
Nov  9 22:46:41 ubuntuA3 kernel: [    5.881394]   IO window: disabled.
Nov  9 22:46:41 ubuntuA3 kernel: [    5.881415]   MEM window: fc200000-fc2fffff
Nov  9 22:46:41 ubuntuA3 kernel: [    5.881429]   PREFETCH window: e6800000-e68fffff
Nov  9 22:46:41 ubuntuA3 kernel: [    5.881455] PCI: Bridge: 0000:00:17.5
Nov  9 22:46:41 ubuntuA3 kernel: [    5.881456]   IO window: disabled.
Nov  9 22:46:41 ubuntuA3 kernel: [    5.881477]   MEM window: fbe00000-fbefffff
Nov  9 22:46:41 ubuntuA3 kernel: [    5.881490]   PREFETCH window: e6400000-e64fffff
Nov  9 22:46:41 ubuntuA3 kernel: [    5.881515] PCI: Bridge: 0000:00:17.6
Nov  9 22:46:41 ubuntuA3 kernel: [    5.881516]   IO window: disabled.
Nov  9 22:46:41 ubuntuA3 kernel: [    5.881537]   MEM window: fba00000-fbafffff
Nov  9 22:46:41 ubuntuA3 kernel: [    5.881551]   PREFETCH window: e6000000-e60fffff
Nov  9 22:46:41 ubuntuA3 kernel: [    5.881577] PCI: Bridge: 0000:00:17.7
Nov  9 22:46:41 ubuntuA3 kernel: [    5.881578]   IO window: disabled.
Nov  9 22:46:41 ubuntuA3 kernel: [    5.881598]   MEM window: fb600000-fb6fffff
Nov  9 22:46:41 ubuntuA3 kernel: [    5.881612]   PREFETCH window: e5c00000-e5cfffff
Nov  9 22:46:41 ubuntuA3 kernel: [    5.881636] PCI: Bridge: 0000:00:18.0
Nov  9 22:46:41 ubuntuA3 kernel: [    5.881644]   IO window: 7000-7fff
Nov  9 22:46:41 ubuntuA3 kernel: [    5.881665]   MEM window: fd100000-fd1fffff
Nov  9 22:46:41 ubuntuA3 kernel: [    5.881679]   PREFETCH window: e7700000-e77fffff
Nov  9 22:46:41 ubuntuA3 kernel: [    5.881706] PCI: Bridge: 0000:00:18.1
Nov  9 22:46:41 ubuntuA3 kernel: [    5.881734]   IO window: b000-bfff
Nov  9 22:46:41 ubuntuA3 kernel: [    5.881755]   MEM window: fcd00000-fcdfffff
Nov  9 22:46:41 ubuntuA3 kernel: [    5.881783]   PREFETCH window: e7300000-e73fffff
Nov  9 22:46:41 ubuntuA3 kernel: [    5.881828] PCI: Bridge: 0000:00:18.2
Nov  9 22:46:41 ubuntuA3 kernel: [    5.881829]   IO window: disabled.
Nov  9 22:46:41 ubuntuA3 kernel: [    5.881885]   MEM window: fc900000-fc9fffff
Nov  9 22:46:41 ubuntuA3 kernel: [    5.881899]   PREFETCH window: e6f00000-e6ffffff
Nov  9 22:46:41 ubuntuA3 kernel: [    5.881939] PCI: Bridge: 0000:00:18.3
Nov  9 22:46:41 ubuntuA3 kernel: [    5.881939]   IO window: disabled.
Nov  9 22:46:41 ubuntuA3 kernel: [    5.881960]   MEM window: fc500000-fc5fffff
Nov  9 22:46:41 ubuntuA3 kernel: [    5.881974]   PREFETCH window: e6b00000-e6bfffff
Nov  9 22:46:41 ubuntuA3 kernel: [    5.881997] PCI: Bridge: 0000:00:18.4
Nov  9 22:46:41 ubuntuA3 kernel: [    5.881998]   IO window: disabled.
Nov  9 22:46:41 ubuntuA3 kernel: [    5.882019]   MEM window: fc100000-fc1fffff
Nov  9 22:46:41 ubuntuA3 kernel: [    5.882034]   PREFETCH window: e6700000-e67fffff
Nov  9 22:46:41 ubuntuA3 kernel: [    5.882060] PCI: Bridge: 0000:00:18.5
Nov  9 22:46:41 ubuntuA3 kernel: [    5.882061]   IO window: disabled.
Nov  9 22:46:41 ubuntuA3 kernel: [    5.882081]   MEM window: fbd00000-fbdfffff
Nov  9 22:46:41 ubuntuA3 kernel: [    5.882095]   PREFETCH window: e6300000-e63fffff
Nov  9 22:46:41 ubuntuA3 kernel: [    5.882119] PCI: Bridge: 0000:00:18.6
Nov  9 22:46:41 ubuntuA3 kernel: [    5.882120]   IO window: disabled.
Nov  9 22:46:41 ubuntuA3 kernel: [    5.882140]   MEM window: fb900000-fb9fffff
Nov  9 22:46:41 ubuntuA3 kernel: [    5.882154]   PREFETCH window: e5f00000-e5ffffff
Nov  9 22:46:41 ubuntuA3 kernel: [    5.882181] PCI: Bridge: 0000:00:18.7
Nov  9 22:46:41 ubuntuA3 kernel: [    5.882182]   IO window: disabled.
Nov  9 22:46:41 ubuntuA3 kernel: [    5.882202]   MEM window: fb500000-fb5fffff
Nov  9 22:46:41 ubuntuA3 kernel: [    5.882216]   PREFETCH window: e5b00000-e5bfffff
Nov  9 22:46:41 ubuntuA3 kernel: [    5.885116] NET: Registered protocol family 2
Nov  9 22:46:41 ubuntuA3 kernel: [    5.969430] IP route cache hash table entries: 131072 (order: 8, 1048576 bytes)
Nov  9 22:46:41 ubuntuA3 kernel: [    5.969638] TCP established hash table entries: 524288 (order: 11, 8388608 bytes)
Nov  9 22:46:41 ubuntuA3 kernel: [    5.969885] TCP bind hash table entries: 65536 (order: 8, 1048576 bytes)
Nov  9 22:46:41 ubuntuA3 kernel: [    5.970093] TCP: Hash tables configured (established 524288 bind 65536)
Nov  9 22:46:41 ubuntuA3 kernel: [    5.970095] TCP reno registered
Nov  9 22:46:41 ubuntuA3 kernel: [    5.999707] checking if image is initramfs... it is
Nov  9 22:46:41 ubuntuA3 kernel: [    6.171079] Freeing initrd memory: 7347k freed
Nov  9 22:46:41 ubuntuA3 kernel: [    6.171411] Simple Boot Flag at 0x36 set to 0x80
Nov  9 22:46:41 ubuntuA3 kernel: [    6.173242] audit: initializing netlink socket (disabled)
Nov  9 22:46:41 ubuntuA3 kernel: [    6.173250] audit(1604979981.240:1): initialized
Nov  9 22:46:41 ubuntuA3 kernel: [    6.173540] Total HugeTLB memory allocated, 0
Nov  9 22:46:41 ubuntuA3 kernel: [    6.175812] VFS: Disk quotas dquot_6.5.1
Nov  9 22:46:41 ubuntuA3 kernel: [    6.175875] Dquot-cache hash table entries: 512 (order 0, 4096 bytes)
Nov  9 22:46:41 ubuntuA3 kernel: [    6.176020] io scheduler noop registered
Nov  9 22:46:41 ubuntuA3 kernel: [    6.176021] io scheduler anticipatory registered
Nov  9 22:46:41 ubuntuA3 kernel: [    6.176022] io scheduler deadline registered (default)
Nov  9 22:46:41 ubuntuA3 kernel: [    6.176124] io scheduler cfq registered
Nov  9 22:46:41 ubuntuA3 kernel: [    6.176127] Limiting direct PCI/PCI transfers.
Nov  9 22:46:41 ubuntuA3 kernel: [    6.179952] assign_interrupt_mode Found MSI capability
Nov  9 22:46:41 ubuntuA3 kernel: [    6.180779] assign_interrupt_mode Found MSI capability
Nov  9 22:46:41 ubuntuA3 kernel: [    6.181629] assign_interrupt_mode Found MSI capability
Nov  9 22:46:41 ubuntuA3 kernel: [    6.182460] assign_interrupt_mode Found MSI capability
Nov  9 22:46:41 ubuntuA3 kernel: [    6.183286] assign_interrupt_mode Found MSI capability
Nov  9 22:46:41 ubuntuA3 kernel: [    6.184068] assign_interrupt_mode Found MSI capability
Nov  9 22:46:41 ubuntuA3 kernel: [    6.184997] assign_interrupt_mode Found MSI capability
Nov  9 22:46:41 ubuntuA3 kernel: [    6.185805] assign_interrupt_mode Found MSI capability
Nov  9 22:46:41 ubuntuA3 kernel: [    6.186598] assign_interrupt_mode Found MSI capability
Nov  9 22:46:41 ubuntuA3 kernel: [    6.187387] assign_interrupt_mode Found MSI capability
Nov  9 22:46:41 ubuntuA3 kernel: [    6.188172] assign_interrupt_mode Found MSI capability
Nov  9 22:46:41 ubuntuA3 kernel: [    6.188774] assign_interrupt_mode Found MSI capability
Nov  9 22:46:41 ubuntuA3 kernel: [    6.189907] assign_interrupt_mode Found MSI capability
Nov  9 22:46:41 ubuntuA3 kernel: [    6.190641] assign_interrupt_mode Found MSI capability
Nov  9 22:46:41 ubuntuA3 kernel: [    6.191416] assign_interrupt_mode Found MSI capability
Nov  9 22:46:41 ubuntuA3 kernel: [    6.192185] assign_interrupt_mode Found MSI capability
Nov  9 22:46:41 ubuntuA3 kernel: [    6.192975] assign_interrupt_mode Found MSI capability
Nov  9 22:46:41 ubuntuA3 kernel: [    6.193870] assign_interrupt_mode Found MSI capability
Nov  9 22:46:41 ubuntuA3 kernel: [    6.194634] assign_interrupt_mode Found MSI capability
Nov  9 22:46:41 ubuntuA3 kernel: [    6.195495] assign_interrupt_mode Found MSI capability
Nov  9 22:46:41 ubuntuA3 kernel: [    6.196417] assign_interrupt_mode Found MSI capability
Nov  9 22:46:41 ubuntuA3 kernel: [    6.197206] assign_interrupt_mode Found MSI capability
Nov  9 22:46:41 ubuntuA3 kernel: [    6.197970] assign_interrupt_mode Found MSI capability
Nov  9 22:46:41 ubuntuA3 kernel: [    6.198743] assign_interrupt_mode Found MSI capability
Nov  9 22:46:41 ubuntuA3 kernel: [    6.199600] assign_interrupt_mode Found MSI capability
Nov  9 22:46:41 ubuntuA3 kernel: [    6.200370] assign_interrupt_mode Found MSI capability
Nov  9 22:46:41 ubuntuA3 kernel: [    6.201115] assign_interrupt_mode Found MSI capability
Nov  9 22:46:41 ubuntuA3 kernel: [    6.201870] assign_interrupt_mode Found MSI capability
Nov  9 22:46:41 ubuntuA3 kernel: [    6.202633] assign_interrupt_mode Found MSI capability
Nov  9 22:46:41 ubuntuA3 kernel: [    6.203399] assign_interrupt_mode Found MSI capability
Nov  9 22:46:41 ubuntuA3 kernel: [    6.204163] assign_interrupt_mode Found MSI capability
Nov  9 22:46:41 ubuntuA3 kernel: [    6.205037] assign_interrupt_mode Found MSI capability
Nov  9 22:46:41 ubuntuA3 kernel: [    6.235924] Real Time Clock Driver v1.12ac
Nov  9 22:46:41 ubuntuA3 kernel: [    6.236217] Linux agpgart interface v0.102
Nov  9 22:46:41 ubuntuA3 kernel: [    6.236218] Serial: 8250/16550 driver $Revision: 1.90 $ 4 ports, IRQ sharing enabled
Nov  9 22:46:41 ubuntuA3 kernel: [    6.236488] serial8250: ttyS0 at I/O 0x3f8 (irq = 4) is a 16550A
Nov  9 22:46:41 ubuntuA3 kernel: [    6.237539] 00:09: ttyS0 at I/O 0x3f8 (irq = 4) is a 16550A
Nov  9 22:46:41 ubuntuA3 kernel: [    6.239039] RAMDISK driver initialized: 16 RAM disks of 65536K size 1024 blocksize
Nov  9 22:46:41 ubuntuA3 kernel: [    6.239099] input: Macintosh mouse button emulation as /devices/virtual/input/input0
Nov  9 22:46:41 ubuntuA3 kernel: [    6.239206] PNP: PS/2 Controller [PNP0303:KBC,PNP0f13:MOUS] at 0x60,0x64 irq 1,12
Nov  9 22:46:41 ubuntuA3 kernel: [    6.239739] serio: i8042 KBD port at 0x60,0x64 irq 1
Nov  9 22:46:41 ubuntuA3 kernel: [    6.239750] serio: i8042 AUX port at 0x60,0x64 irq 12
Nov  9 22:46:41 ubuntuA3 kernel: [    6.289412] mice: PS/2 mouse device common for all mice
Nov  9 22:46:41 ubuntuA3 kernel: [    6.289574] cpuidle: using governor ladder
Nov  9 22:46:41 ubuntuA3 kernel: [    6.289575] cpuidle: using governor menu
Nov  9 22:46:41 ubuntuA3 kernel: [    6.289758] NET: Registered protocol family 1
Nov  9 22:46:41 ubuntuA3 kernel: [    6.289844] registered taskstats version 1
Nov  9 22:46:41 ubuntuA3 kernel: [    6.290085]   Magic number: 12:333:765
Nov  9 22:46:41 ubuntuA3 kernel: [    6.290119]   hash matches device ptyp1
Nov  9 22:46:41 ubuntuA3 kernel: [    6.290168] /build/buildd/linux-2.6.24/drivers/rtc/hctosys.c: unable to open rtc device (rtc0)
Nov  9 22:46:41 ubuntuA3 kernel: [    6.290169] BIOS EDD facility v0.16 2004-Jun-25, 6 devices found
Nov  9 22:46:41 ubuntuA3 kernel: [    6.290671] Freeing unused kernel memory: 328k freed
Nov  9 22:46:41 ubuntuA3 kernel: [    6.290727] Write protecting the kernel read-only data: 1044k
Nov  9 22:46:41 ubuntuA3 kernel: [    6.291334] input: AT Translated Set 2 keyboard as /devices/platform/i8042/serio0/input/input1
Nov  9 22:46:41 ubuntuA3 kernel: [    6.334450] fuse init (API version 7.9)
Nov  9 22:46:41 ubuntuA3 kernel: [    6.341554] ACPI: Processor [CP00] (supports 8 throttling states)
Nov  9 22:46:41 ubuntuA3 kernel: [    6.341869] ACPI: Processor [CP01] (supports 8 throttling states)
Nov  9 22:46:41 ubuntuA3 kernel: [    6.458699] SCSI subsystem initialized
Nov  9 22:46:41 ubuntuA3 kernel: [    6.461168] Intel(R) PRO/1000 Network Driver - version 7.3.20-k2-NAPI
Nov  9 22:46:41 ubuntuA3 kernel: [    6.461170] Copyright (c) 1999-2006 Intel Corporation.
Nov  9 22:46:41 ubuntuA3 kernel: [    6.461181] usbcore: registered new interface driver usbfs
Nov  9 22:46:41 ubuntuA3 kernel: [    6.461189] usbcore: registered new interface driver hub
Nov  9 22:46:41 ubuntuA3 kernel: [    6.461253] ACPI: PCI Interrupt 0000:02:01.0[A] -> GSI 19 (level, low) -> IRQ 19
Nov  9 22:46:41 ubuntuA3 kernel: [    6.471113] usbcore: registered new device driver usb
Nov  9 22:46:41 ubuntuA3 kernel: [    6.756116] e1000: 0000:02:01.0: e1000_probe: (PCI:66MHz:32-bit) 00:0c:29:49:80:f1
Nov  9 22:46:41 ubuntuA3 kernel: [    6.757150] Fusion MPT base driver 3.04.06
Nov  9 22:46:41 ubuntuA3 kernel: [    6.757152] Copyright (c) 1999-2007 LSI Corporation
Nov  9 22:46:41 ubuntuA3 kernel: [    6.757651] Fusion MPT SPI Host driver 3.04.06
Nov  9 22:46:41 ubuntuA3 kernel: [    6.757720] ACPI: PCI Interrupt 0000:00:10.0[A] -> GSI 17 (level, low) -> IRQ 17
Nov  9 22:46:41 ubuntuA3 kernel: [    6.757757] mptbase: ioc0: Initiating bringup
Nov  9 22:46:41 ubuntuA3 kernel: [    6.758919] USB Universal Host Controller Interface driver v3.0
Nov  9 22:46:41 ubuntuA3 kernel: [    6.799158] e1000: eth0: e1000_probe: Intel(R) PRO/1000 Network Connection
Nov  9 22:46:41 ubuntuA3 kernel: [    6.928593] ioc0: LSI53C1030 B0: Capabilities={Initiator}
Nov  9 22:46:41 ubuntuA3 kernel: [    7.249332] scsi0 : ioc0: LSI53C1030 B0, FwRev=01032920h, Ports=1, MaxQ=128, IRQ=17
Nov  9 22:46:41 ubuntuA3 kernel: [    7.528397] ACPI: PCI Interrupt 0000:02:03.0[A] -> GSI 17 (level, low) -> IRQ 17
Nov  9 22:46:41 ubuntuA3 kernel: [    7.528448] ehci_hcd 0000:02:03.0: EHCI Host Controller
Nov  9 22:46:41 ubuntuA3 kernel: [    7.528624] scsi 0:0:0:0: Direct-Access     VMware,  VMware Virtual S 1.0  PQ: 0 ANSI: 2
Nov  9 22:46:41 ubuntuA3 kernel: [    7.528629]  target0:0:0: Beginning Domain Validation
Nov  9 22:46:41 ubuntuA3 kernel: [    7.528702] ehci_hcd 0000:02:03.0: new USB bus registered, assigned bus number 1
Nov  9 22:46:41 ubuntuA3 kernel: [    7.529011] ehci_hcd 0000:02:03.0: irq 17, io mem 0xfd5ef000
Nov  9 22:46:41 ubuntuA3 kernel: [    7.529498]  target0:0:0: Domain Validation skipping write tests
Nov  9 22:46:41 ubuntuA3 kernel: [    7.529499]  target0:0:0: Ending Domain Validation
Nov  9 22:46:41 ubuntuA3 kernel: [    7.529533]  target0:0:0: FAST-40 WIDE SCSI 80.0 MB/s ST (25 ns, offset 127)
Nov  9 22:46:41 ubuntuA3 kernel: [    7.539131] Driver 'sd' needs updating - please use bus_type methods
Nov  9 22:46:41 ubuntuA3 kernel: [    7.539322] sd 0:0:0:0: [sda] 41943040 512-byte hardware sectors (21475 MB)
Nov  9 22:46:41 ubuntuA3 kernel: [    7.539368] sd 0:0:0:0: [sda] Write Protect is off
Nov  9 22:46:41 ubuntuA3 kernel: [    7.539481] sd 0:0:0:0: [sda] Cache data unavailable
Nov  9 22:46:41 ubuntuA3 kernel: [    7.539677] sd 0:0:0:0: [sda] 41943040 512-byte hardware sectors (21475 MB)
Nov  9 22:46:41 ubuntuA3 kernel: [    7.539734] sd 0:0:0:0: [sda] Write Protect is off
Nov  9 22:46:41 ubuntuA3 kernel: [    7.539800] sd 0:0:0:0: [sda] Cache data unavailable
Nov  9 22:46:41 ubuntuA3 kernel: [    7.539837]  sda: sda1 sda2 < sda5 >
Nov  9 22:46:41 ubuntuA3 kernel: [    7.540146] sd 0:0:0:0: [sda] Attached SCSI disk
Nov  9 22:46:41 ubuntuA3 kernel: [    7.540971] sd 0:0:0:0: Attached scsi generic sg0 type 0
Nov  9 22:46:41 ubuntuA3 kernel: [    7.557788] ehci_hcd 0000:02:03.0: USB 2.0 started, EHCI 1.00, driver 10 Dec 2004
Nov  9 22:46:41 ubuntuA3 kernel: [    7.557792] usb usb1: configuration #1 chosen from 1 choice
Nov  9 22:46:41 ubuntuA3 kernel: [    7.557793] hub 1-0:1.0: USB hub found
Nov  9 22:46:41 ubuntuA3 kernel: [    7.557813] hub 1-0:1.0: 6 ports detected
Nov  9 22:46:41 ubuntuA3 kernel: [    7.668030] ACPI: PCI Interrupt 0000:02:05.0[A] -> GSI 19 (level, low) -> IRQ 19
Nov  9 22:46:41 ubuntuA3 kernel: [    8.676816] ahci 0000:02:05.0: AHCI 0001.0300 32 slots 30 ports ? Gbps 0x3fffffff impl SATA mode
Nov  9 22:46:41 ubuntuA3 kernel: [    8.676818] ahci 0000:02:05.0: flags: 64bit ncq clo only 
Nov  9 22:46:41 ubuntuA3 kernel: [    8.676993] scsi1 : ahci
Nov  9 22:46:41 ubuntuA3 kernel: [    8.677068] scsi2 : ahci
Nov  9 22:46:41 ubuntuA3 kernel: [    8.677088] scsi3 : ahci
Nov  9 22:46:41 ubuntuA3 kernel: [    8.677101] scsi4 : ahci
Nov  9 22:46:41 ubuntuA3 kernel: [    8.677135] scsi5 : ahci
Nov  9 22:46:41 ubuntuA3 kernel: [    8.677149] scsi6 : ahci
Nov  9 22:46:41 ubuntuA3 kernel: [    8.677162] scsi7 : ahci
Nov  9 22:46:41 ubuntuA3 kernel: [    8.677190] scsi8 : ahci
Nov  9 22:46:41 ubuntuA3 kernel: [    8.677203] scsi9 : ahci
Nov  9 22:46:41 ubuntuA3 kernel: [    8.677217] scsi10 : ahci
Nov  9 22:46:41 ubuntuA3 kernel: [    8.677231] scsi11 : ahci
Nov  9 22:46:41 ubuntuA3 kernel: [    8.677246] scsi12 : ahci
Nov  9 22:46:41 ubuntuA3 kernel: [    8.677258] scsi13 : ahci
Nov  9 22:46:41 ubuntuA3 kernel: [    8.677272] scsi14 : ahci
Nov  9 22:46:41 ubuntuA3 kernel: [    8.677286] scsi15 : ahci
Nov  9 22:46:41 ubuntuA3 kernel: [    8.677300] scsi16 : ahci
Nov  9 22:46:41 ubuntuA3 kernel: [    8.677313] scsi17 : ahci
Nov  9 22:46:41 ubuntuA3 kernel: [    8.677328] scsi18 : ahci
Nov  9 22:46:41 ubuntuA3 kernel: [    8.677341] scsi19 : ahci
Nov  9 22:46:41 ubuntuA3 kernel: [    8.677354] scsi20 : ahci
Nov  9 22:46:41 ubuntuA3 kernel: [    8.677366] scsi21 : ahci
Nov  9 22:46:41 ubuntuA3 kernel: [    8.677379] scsi22 : ahci
Nov  9 22:46:41 ubuntuA3 kernel: [    8.677393] scsi23 : ahci
Nov  9 22:46:41 ubuntuA3 kernel: [    8.677406] scsi24 : ahci
Nov  9 22:46:41 ubuntuA3 kernel: [    8.677418] scsi25 : ahci
Nov  9 22:46:41 ubuntuA3 kernel: [    8.677429] scsi26 : ahci
Nov  9 22:46:41 ubuntuA3 kernel: [    8.677443] scsi27 : ahci
Nov  9 22:46:41 ubuntuA3 kernel: [    8.677456] scsi28 : ahci
Nov  9 22:46:41 ubuntuA3 kernel: [    8.677469] scsi29 : ahci
Nov  9 22:46:41 ubuntuA3 kernel: [    8.677482] scsi30 : ahci
Nov  9 22:46:41 ubuntuA3 kernel: [    8.677497] ata1: SATA max UDMA/133 abar m4096@0xfd5ee000 port 0xfd5ee100 irq 2271
Nov  9 22:46:41 ubuntuA3 kernel: [    8.677498] ata2: SATA max UDMA/133 abar m4096@0xfd5ee000 port 0xfd5ee180 irq 2271
Nov  9 22:46:41 ubuntuA3 kernel: [    8.677499] ata3: SATA max UDMA/133 abar m4096@0xfd5ee000 port 0xfd5ee200 irq 2271
Nov  9 22:46:41 ubuntuA3 kernel: [    8.677500] ata4: SATA max UDMA/133 abar m4096@0xfd5ee000 port 0xfd5ee280 irq 2271
Nov  9 22:46:41 ubuntuA3 kernel: [    8.677501] ata5: SATA max UDMA/133 abar m4096@0xfd5ee000 port 0xfd5ee300 irq 2271
Nov  9 22:46:41 ubuntuA3 kernel: [    8.677502] ata6: SATA max UDMA/133 abar m4096@0xfd5ee000 port 0xfd5ee380 irq 2271
Nov  9 22:46:41 ubuntuA3 kernel: [    8.677503] ata7: SATA max UDMA/133 abar m4096@0xfd5ee000 port 0xfd5ee400 irq 2271
Nov  9 22:46:41 ubuntuA3 kernel: [    8.677503] ata8: SATA max UDMA/133 abar m4096@0xfd5ee000 port 0xfd5ee480 irq 2271
Nov  9 22:46:41 ubuntuA3 kernel: [    8.677504] ata9: SATA max UDMA/133 abar m4096@0xfd5ee000 port 0xfd5ee500 irq 2271
Nov  9 22:46:41 ubuntuA3 kernel: [    8.677505] ata10: SATA max UDMA/133 abar m4096@0xfd5ee000 port 0xfd5ee580 irq 2271
Nov  9 22:46:41 ubuntuA3 kernel: [    8.677506] ata11: SATA max UDMA/133 abar m4096@0xfd5ee000 port 0xfd5ee600 irq 2271
Nov  9 22:46:41 ubuntuA3 kernel: [    8.677507] ata12: SATA max UDMA/133 abar m4096@0xfd5ee000 port 0xfd5ee680 irq 2271
Nov  9 22:46:41 ubuntuA3 kernel: [    8.677508] ata13: SATA max UDMA/133 abar m4096@0xfd5ee000 port 0xfd5ee700 irq 2271
Nov  9 22:46:41 ubuntuA3 kernel: [    8.677509] ata14: SATA max UDMA/133 abar m4096@0xfd5ee000 port 0xfd5ee780 irq 2271
Nov  9 22:46:41 ubuntuA3 kernel: [    8.677509] ata15: SATA max UDMA/133 abar m4096@0xfd5ee000 port 0xfd5ee800 irq 2271
Nov  9 22:46:41 ubuntuA3 kernel: [    8.677510] ata16: SATA max UDMA/133 abar m4096@0xfd5ee000 port 0xfd5ee880 irq 2271
Nov  9 22:46:41 ubuntuA3 kernel: [    8.677511] ata17: SATA max UDMA/133 abar m4096@0xfd5ee000 port 0xfd5ee900 irq 2271
Nov  9 22:46:41 ubuntuA3 kernel: [    8.677512] ata18: SATA max UDMA/133 abar m4096@0xfd5ee000 port 0xfd5ee980 irq 2271
Nov  9 22:46:41 ubuntuA3 kernel: [    8.677513] ata19: SATA max UDMA/133 abar m4096@0xfd5ee000 port 0xfd5eea00 irq 2271
Nov  9 22:46:41 ubuntuA3 kernel: [    8.677514] ata20: SATA max UDMA/133 abar m4096@0xfd5ee000 port 0xfd5eea80 irq 2271
Nov  9 22:46:41 ubuntuA3 kernel: [    8.677515] ata21: SATA max UDMA/133 abar m4096@0xfd5ee000 port 0xfd5eeb00 irq 2271
Nov  9 22:46:41 ubuntuA3 kernel: [    8.677515] ata22: SATA max UDMA/133 abar m4096@0xfd5ee000 port 0xfd5eeb80 irq 2271
Nov  9 22:46:41 ubuntuA3 kernel: [    8.677516] ata23: SATA max UDMA/133 abar m4096@0xfd5ee000 port 0xfd5eec00 irq 2271
Nov  9 22:46:41 ubuntuA3 kernel: [    8.677517] ata24: SATA max UDMA/133 abar m4096@0xfd5ee000 port 0xfd5eec80 irq 2271
Nov  9 22:46:41 ubuntuA3 kernel: [    8.677518] ata25: SATA max UDMA/133 abar m4096@0xfd5ee000 port 0xfd5eed00 irq 2271
Nov  9 22:46:41 ubuntuA3 kernel: [    8.677519] ata26: SATA max UDMA/133 abar m4096@0xfd5ee000 port 0xfd5eed80 irq 2271
Nov  9 22:46:41 ubuntuA3 kernel: [    8.677520] ata27: SATA max UDMA/133 abar m4096@0xfd5ee000 port 0xfd5eee00 irq 2271
Nov  9 22:46:41 ubuntuA3 kernel: [    8.677520] ata28: SATA max UDMA/133 abar m4096@0xfd5ee000 port 0xfd5eee80 irq 2271
Nov  9 22:46:41 ubuntuA3 kernel: [    8.677521] ata29: SATA max UDMA/133 abar m4096@0xfd5ee000 port 0xfd5eef00 irq 2271
Nov  9 22:46:41 ubuntuA3 kernel: [    8.677522] ata30: SATA max UDMA/133 abar m4096@0xfd5ee000 port 0xfd5eef80 irq 2271
Nov  9 22:46:41 ubuntuA3 kernel: [    9.006267] ata1: SATA link down (SStatus 0 SControl 300)
Nov  9 22:46:41 ubuntuA3 kernel: [    9.515819] ata2: SATA link up <unknown> (SStatus 133 SControl 300)
Nov  9 22:46:41 ubuntuA3 kernel: [    9.675749] ata2.00: ATAPI: VMware Virtual SATA CDRW Drive, 00000001, max UDMA/33
Nov  9 22:46:41 ubuntuA3 kernel: [    9.835608] ata2.00: configured for UDMA/33
Nov  9 22:46:41 ubuntuA3 kernel: [   10.165159] ata3: SATA link down (SStatus 0 SControl 300)
Nov  9 22:46:41 ubuntuA3 kernel: [   10.494760] ata4: SATA link down (SStatus 0 SControl 300)
Nov  9 22:46:41 ubuntuA3 kernel: [   10.824418] ata5: SATA link down (SStatus 0 SControl 300)
Nov  9 22:46:41 ubuntuA3 kernel: [   11.154098] ata6: SATA link down (SStatus 0 SControl 300)
Nov  9 22:46:41 ubuntuA3 kernel: [   11.483804] ata7: SATA link down (SStatus 0 SControl 300)
Nov  9 22:46:41 ubuntuA3 kernel: [   11.813536] ata8: SATA link down (SStatus 0 SControl 300)
Nov  9 22:46:41 ubuntuA3 kernel: [   12.143110] ata9: SATA link down (SStatus 0 SControl 300)
Nov  9 22:46:41 ubuntuA3 kernel: [   12.472747] ata10: SATA link down (SStatus 0 SControl 300)
Nov  9 22:46:41 ubuntuA3 kernel: [   12.802461] ata11: SATA link down (SStatus 0 SControl 300)
Nov  9 22:46:41 ubuntuA3 kernel: [   13.132087] ata12: SATA link down (SStatus 0 SControl 300)
Nov  9 22:46:41 ubuntuA3 kernel: [   13.461744] ata13: SATA link down (SStatus 0 SControl 300)
Nov  9 22:46:41 ubuntuA3 kernel: [   14.214412] ata14: SATA link down (SStatus 0 SControl 300)
Nov  9 22:46:41 ubuntuA3 kernel: [   14.663958] ata15: SATA link down (SStatus 0 SControl 300)
Nov  9 22:46:41 ubuntuA3 kernel: [   15.113551] ata16: SATA link down (SStatus 0 SControl 300)
Nov  9 22:46:41 ubuntuA3 kernel: [   15.563041] ata17: SATA link down (SStatus 0 SControl 300)
Nov  9 22:46:41 ubuntuA3 kernel: [   16.012581] ata18: SATA link down (SStatus 0 SControl 300)
Nov  9 22:46:41 ubuntuA3 kernel: [   16.462126] ata19: SATA link down (SStatus 0 SControl 300)
Nov  9 22:46:41 ubuntuA3 kernel: [   16.921644] ata20: SATA link down (SStatus 0 SControl 300)
Nov  9 22:46:41 ubuntuA3 kernel: [   17.371193] ata21: SATA link down (SStatus 0 SControl 300)
Nov  9 22:46:41 ubuntuA3 kernel: [   17.820742] ata22: SATA link down (SStatus 0 SControl 300)
Nov  9 22:46:41 ubuntuA3 kernel: [   18.270297] ata23: SATA link down (SStatus 0 SControl 300)
Nov  9 22:46:41 ubuntuA3 kernel: [   18.720071] ata24: SATA link down (SStatus 0 SControl 300)
Nov  9 22:46:41 ubuntuA3 kernel: [   19.169374] ata25: SATA link down (SStatus 0 SControl 300)
Nov  9 22:46:41 ubuntuA3 kernel: [   19.658871] ata26: SATA link down (SStatus 0 SControl 300)
Nov  9 22:46:41 ubuntuA3 kernel: [   20.108402] ata27: SATA link down (SStatus 0 SControl 300)
Nov  9 22:46:41 ubuntuA3 kernel: [   20.557960] ata28: SATA link down (SStatus 0 SControl 300)
Nov  9 22:46:41 ubuntuA3 kernel: [   21.007527] ata29: SATA link down (SStatus 0 SControl 300)
Nov  9 22:46:41 ubuntuA3 kernel: [   21.457043] ata30: SATA link down (SStatus 0 SControl 300)
Nov  9 22:46:41 ubuntuA3 kernel: [   21.457240] scsi 2:0:0:0: CD-ROM            NECVMWar VMware SATA CD01 1.00 PQ: 0 ANSI: 5
Nov  9 22:46:41 ubuntuA3 kernel: [   21.457283] scsi 2:0:0:0: Attached scsi generic sg1 type 5
Nov  9 22:46:41 ubuntuA3 kernel: [   21.457483] ACPI: PCI Interrupt 0000:02:00.0[A] -> GSI 18 (level, low) -> IRQ 18
Nov  9 22:46:41 ubuntuA3 kernel: [   21.457509] uhci_hcd 0000:02:00.0: UHCI Host Controller
Nov  9 22:46:41 ubuntuA3 kernel: [   21.457521] uhci_hcd 0000:02:00.0: new USB bus registered, assigned bus number 2
Nov  9 22:46:41 ubuntuA3 kernel: [   21.457649] uhci_hcd 0000:02:00.0: irq 18, io base 0x00002080
Nov  9 22:46:41 ubuntuA3 kernel: [   21.457765] usb usb2: configuration #1 chosen from 1 choice
Nov  9 22:46:41 ubuntuA3 kernel: [   21.457774] hub 2-0:1.0: USB hub found
Nov  9 22:46:41 ubuntuA3 kernel: [   21.457788] hub 2-0:1.0: 2 ports detected
Nov  9 22:46:41 ubuntuA3 kernel: [   21.458107] scsi31 : ata_piix
Nov  9 22:46:41 ubuntuA3 kernel: [   21.458390] scsi32 : ata_piix
Nov  9 22:46:41 ubuntuA3 kernel: [   21.458405] ata31: PATA max UDMA/33 cmd 0x1f0 ctl 0x3f6 bmdma 0x1060 irq 14
Nov  9 22:46:41 ubuntuA3 kernel: [   21.458406] ata32: PATA max UDMA/33 cmd 0x170 ctl 0x376 bmdma 0x1068 irq 15
Nov  9 22:46:41 ubuntuA3 kernel: [   21.465127] Driver 'sr' needs updating - please use bus_type methods
Nov  9 22:46:41 ubuntuA3 kernel: [   21.465801] sr0: scsi3-mmc drive: 1x/1x writer dvd-ram cd/rw xa/form2 cdda tray
Nov  9 22:46:41 ubuntuA3 kernel: [   21.465803] Uniform CD-ROM driver Revision: 3.20
Nov  9 22:46:41 ubuntuA3 kernel: [   22.013451] usb 2-1: new full speed USB device using uhci_hcd and address 2
Nov  9 22:46:41 ubuntuA3 kernel: [   22.056172] Attempting manual resume
Nov  9 22:46:41 ubuntuA3 kernel: [   22.061580] kjournald starting.  Commit interval 5 seconds
Nov  9 22:46:41 ubuntuA3 kernel: [   22.061601] EXT3-fs: mounted filesystem with ordered data mode.
Nov  9 22:46:41 ubuntuA3 kernel: [   22.215844] usb 2-1: configuration #1 chosen from 1 choice
Nov  9 22:46:41 ubuntuA3 kernel: [   22.555949] usb 2-2: new full speed USB device using uhci_hcd and address 3
Nov  9 22:46:41 ubuntuA3 kernel: [   22.765711] usb 2-2: configuration #1 chosen from 1 choice
Nov  9 22:46:41 ubuntuA3 kernel: [   22.768844] hub 2-2:1.0: USB hub found
Nov  9 22:46:41 ubuntuA3 kernel: [   22.770913] hub 2-2:1.0: 7 ports detected
Nov  9 22:46:41 ubuntuA3 kernel: [   22.869901] input: Power Button (FF) as /devices/virtual/input/input2
Nov  9 22:46:41 ubuntuA3 kernel: [   22.932193] ACPI: Power Button (FF) [PWRF]
Nov  9 22:46:41 ubuntuA3 kernel: [   23.084891] ACPI: AC Adapter [ACAD] (on-line)
Nov  9 22:46:41 ubuntuA3 kernel: [   23.127751] agpgart: Detected an Intel 440BX Chipset.
Nov  9 22:46:41 ubuntuA3 kernel: [   23.128087] agpgart: AGP aperture is 256M @ 0x0
Nov  9 22:46:41 ubuntuA3 kernel: [   23.128936] pci_hotplug: PCI Hot Plug PCI Core version: 0.5
Nov  9 22:46:41 ubuntuA3 kernel: [   23.129752] shpchp: Standard Hot Plug PCI Controller Driver version: 0.4
Nov  9 22:46:41 ubuntuA3 kernel: [   23.131693] piix4_smbus 0000:00:07.3: Found 0000:00:07.3 device
Nov  9 22:46:41 ubuntuA3 kernel: [   23.152389] e1000: eth0: e1000_watchdog: NIC Link is Up 1000 Mbps Full Duplex, Flow Control: None
Nov  9 22:46:41 ubuntuA3 kernel: [   23.271179] usb 2-2.1: new full speed USB device using uhci_hcd and address 4
Nov  9 22:46:41 ubuntuA3 kernel: [   23.282956] ACPI: PCI Interrupt 0000:02:02.0[A] -> GSI 16 (level, low) -> IRQ 16
Nov  9 22:46:41 ubuntuA3 kernel: [   23.416979] usb 2-2.1: configuration #1 chosen from 1 choice
Nov  9 22:46:41 ubuntuA3 kernel: [   23.588699] usbcore: registered new interface driver hiddev
Nov  9 22:46:41 ubuntuA3 kernel: [   23.590521] input: VMware VMware Virtual USB Mouse as /devices/pci0000:00/0000:00:11.0/0000:02:00.0/usb2/2-1/2-1:1.0/input/input3
Nov  9 22:46:41 ubuntuA3 kernel: [   23.651471] input,hidraw0: USB HID v1.10 Mouse [VMware VMware Virtual USB Mouse] on usb-0000:02:00.0-1
Nov  9 22:46:41 ubuntuA3 kernel: [   23.651480] usbcore: registered new interface driver usbhid
Nov  9 22:46:41 ubuntuA3 kernel: [   23.651482] /build/buildd/linux-2.6.24/drivers/hid/usbhid/hid-core.c: v2.6:USB HID core driver
Nov  9 22:46:41 ubuntuA3 kernel: [   23.715806] input: PC Speaker as /devices/platform/pcspkr/input/input4
Nov  9 22:46:41 ubuntuA3 kernel: [   23.778317] input: ImPS/2 Generic Wheel Mouse as /devices/platform/i8042/serio1/input/input5
Nov  9 22:46:41 ubuntuA3 kernel: [   24.216166] Bluetooth: Core ver 2.11
Nov  9 22:46:41 ubuntuA3 kernel: [   24.217235] NET: Registered protocol family 31
Nov  9 22:46:41 ubuntuA3 kernel: [   24.217236] Bluetooth: HCI device and connection manager initialized
Nov  9 22:46:41 ubuntuA3 kernel: [   24.217241] Bluetooth: HCI socket layer initialized
Nov  9 22:46:41 ubuntuA3 kernel: [   24.219190] Bluetooth: HCI USB driver ver 2.9
Nov  9 22:46:41 ubuntuA3 kernel: [   24.220084] usbcore: registered new interface driver hci_usb
Nov  9 22:46:41 ubuntuA3 kernel: [   24.304059] NET: Registered protocol family 17
Nov  9 22:46:41 ubuntuA3 kernel: [   25.718257] loop: module loaded
Nov  9 22:46:41 ubuntuA3 kernel: [   25.729844] lp: driver loaded but no devices found
Nov  9 22:46:41 ubuntuA3 kernel: [   25.773247] Adding 915664k swap on /dev/sda5.  Priority:-1 extents:1 across:915664k
Nov  9 22:46:41 ubuntuA3 kernel: [   25.801060] EXT3 FS on sda1, internal journal
Nov  9 22:46:41 ubuntuA3 kernel: [   25.884664] NET: Registered protocol family 10
Nov  9 22:46:41 ubuntuA3 kernel: [   25.884896] lo: Disabled Privacy Extensions
Nov  9 22:46:41 ubuntuA3 kernel: [   25.893267] ip_tables: (C) 2000-2006 Netfilter Core Team
Nov  9 22:52:37 ubuntuA3 kernel: [  381.522285] e1000: eth0: e1000_watchdog: NIC Link is Down
Nov  9 22:52:42 ubuntuA3 kernel: [  386.617498] e1000: eth0: e1000_watchdog: NIC Link is Up 1000 Mbps Full Duplex, Flow Control: None
Nov  9 22:58:00 ubuntuA3 kernel: [  704.204133] e1000: eth0: e1000_watchdog: NIC Link is Down
Nov  9 22:58:05 ubuntuA3 kernel: [  709.299325] e1000: eth0: e1000_watchdog: NIC Link is Up 1000 Mbps Full Duplex, Flow Control: None
Nov  9 23:11:32 ubuntuA3 kernel: [ 1515.399400] e1000: eth0: e1000_watchdog: NIC Link is Down
Nov  9 23:11:37 ubuntuA3 kernel: [ 1520.474917] e1000: eth0: e1000_watchdog: NIC Link is Up 1000 Mbps Full Duplex, Flow Control: None
Nov  9 23:26:41 ubuntuA3 -- MARK --
Nov  9 23:46:41 ubuntuA3 -- MARK --
Nov 10 00:06:41 ubuntuA3 -- MARK --
Nov 10 00:16:52 ubuntuA3 kernel: [ 5431.496642] e1000: eth0: e1000_watchdog: NIC Link is Down
Nov 10 00:16:57 ubuntuA3 kernel: [ 5436.551907] e1000: eth0: e1000_watchdog: NIC Link is Up 1000 Mbps Full Duplex, Flow Control: None
Nov 10 00:17:15 ubuntuA3 kernel: [ 5454.473313] e1000: eth0: e1000_watchdog: NIC Link is Down
Nov 10 00:17:20 ubuntuA3 kernel: [ 5459.528529] e1000: eth0: e1000_watchdog: NIC Link is Up 1000 Mbps Full Duplex, Flow Control: None
Nov 10 00:32:38 ubuntuA3 kernel: [ 6376.565607] e1000: eth0: e1000_watchdog: NIC Link is Down
Nov 10 00:32:43 ubuntuA3 kernel: [ 6381.660759] e1000: eth0: e1000_watchdog: NIC Link is Up 1000 Mbps Full Duplex, Flow Control: None
Nov 10 00:46:41 ubuntuA3 -- MARK --
Nov 10 00:58:20 ubuntuA3 kernel: [ 7917.019012] e1000: eth0: e1000_watchdog: NIC Link is Down
Nov 10 00:58:25 ubuntuA3 kernel: [ 7922.104944] e1000: eth0: e1000_watchdog: NIC Link is Up 1000 Mbps Full Duplex, Flow Control: None
Nov 10 01:26:41 ubuntuA3 -- MARK --
Nov 10 01:46:41 ubuntuA3 -- MARK --
Nov 10 01:52:59 ubuntuA3 kernel: [11192.757696] e1000: eth0: e1000_watchdog: NIC Link is Down
Nov 10 01:53:04 ubuntuA3 kernel: [11197.832947] e1000: eth0: e1000_watchdog: NIC Link is Up 1000 Mbps Full Duplex, Flow Control: None
Nov 10 01:58:22 ubuntuA3 kernel: [11515.439653] e1000: eth0: e1000_watchdog: NIC Link is Down
Nov 10 01:58:27 ubuntuA3 kernel: [11520.505643] e1000: eth0: e1000_watchdog: NIC Link is Up 1000 Mbps Full Duplex, Flow Control: None
Nov 10 01:58:32 ubuntuA3 kernel: [11525.589254] e1000: eth0: e1000_watchdog: NIC Link is Down
Nov 10 01:58:37 ubuntuA3 kernel: [11530.684422] e1000: eth0: e1000_watchdog: NIC Link is Up 1000 Mbps Full Duplex, Flow Control: None
Nov 10 02:12:44 ubuntuA3 kernel: [12376.873574] e1000: eth0: e1000_watchdog: NIC Link is Down
Nov 10 02:12:49 ubuntuA3 kernel: [12381.868884] e1000: eth0: e1000_watchdog: NIC Link is Up 1000 Mbps Full Duplex, Flow Control: None
Nov 10 02:17:41 ubuntuA3 kernel: [12673.641697] e1000: eth0: e1000_watchdog: NIC Link is Down
Nov 10 02:17:46 ubuntuA3 kernel: [12678.726936] e1000: eth0: e1000_watchdog: NIC Link is Up 1000 Mbps Full Duplex, Flow Control: None
Nov 10 02:18:49 ubuntuA3 kernel: [12741.213278] e1000: eth0: e1000_watchdog: NIC Link is Down
Nov 10 02:18:54 ubuntuA3 kernel: [12746.318179] e1000: eth0: e1000_watchdog: NIC Link is Up 1000 Mbps Full Duplex, Flow Control: None
Nov 10 02:19:10 ubuntuA3 kernel: [12762.191983] e1000: eth0: e1000_watchdog: NIC Link is Down
Nov 10 02:19:15 ubuntuA3 kernel: [12767.286873] e1000: eth0: e1000_watchdog: NIC Link is Up 1000 Mbps Full Duplex, Flow Control: None
Nov 10 02:19:25 ubuntuA3 kernel: [12777.336281] e1000: eth0: e1000_watchdog: NIC Link is Down
Nov 10 02:19:30 ubuntuA3 kernel: [12782.421466] e1000: eth0: e1000_watchdog: NIC Link is Up 1000 Mbps Full Duplex, Flow Control: None
Nov 10 02:46:41 ubuntuA3 -- MARK --
Nov 10 03:06:41 ubuntuA3 -- MARK --
Nov 10 03:26:41 ubuntuA3 -- MARK --
Nov 10 03:33:40 ubuntuA3 kernel: [17227.750392] e1000: eth0: e1000_watchdog: NIC Link is Down
Nov 10 03:33:45 ubuntuA3 kernel: [17232.845569] e1000: eth0: e1000_watchdog: NIC Link is Up 1000 Mbps Full Duplex, Flow Control: None
Nov 10 03:33:45 ubuntuA3 kernel: [17232.865209] e1000: eth0: e1000_watchdog: NIC Link is Down
Nov 10 03:33:50 ubuntuA3 kernel: [17237.960410] e1000: eth0: e1000_watchdog: NIC Link is Up 1000 Mbps Full Duplex, Flow Control: None
Nov 10 03:46:41 ubuntuA3 -- MARK --
Nov 10 04:04:03 ubuntuA3 kernel: [19048.938356] e1000: eth0: e1000_watchdog: NIC Link is Down
Nov 10 04:04:08 ubuntuA3 kernel: [19054.023537] e1000: eth0: e1000_watchdog: NIC Link is Up 1000 Mbps Full Duplex, Flow Control: None
Nov 10 04:04:24 ubuntuA3 kernel: [19069.917019] e1000: eth0: e1000_watchdog: NIC Link is Down
Nov 10 04:04:29 ubuntuA3 kernel: [19075.012357] e1000: eth0: e1000_watchdog: NIC Link is Up 1000 Mbps Full Duplex, Flow Control: None
Nov 10 04:04:32 ubuntuA3 kernel: [19077.329468] e1000: eth0: e1000_watchdog: NIC Link is Down
Nov 10 04:04:37 ubuntuA3 kernel: [19082.424647] e1000: eth0: e1000_watchdog: NIC Link is Up 1000 Mbps Full Duplex, Flow Control: None
Nov 10 04:24:51 ubuntuA3 kernel: [20295.690410] e1000: eth0: e1000_watchdog: NIC Link is Down
Nov 10 04:24:56 ubuntuA3 kernel: [20300.775629] e1000: eth0: e1000_watchdog: NIC Link is Up 1000 Mbps Full Duplex, Flow Control: None
Nov 10 04:46:41 ubuntuA3 -- MARK --
Nov 10 04:55:12 ubuntuA3 kernel: [22114.870599] e1000: eth0: e1000_watchdog: NIC Link is Down
Nov 10 04:55:17 ubuntuA3 kernel: [22119.945592] e1000: eth0: e1000_watchdog: NIC Link is Up 1000 Mbps Full Duplex, Flow Control: None
Nov 10 05:04:44 ubuntuA3 kernel: [22686.309319] e1000: eth0: e1000_watchdog: NIC Link is Down
Nov 10 05:04:49 ubuntuA3 kernel: [22691.404461] e1000: eth0: e1000_watchdog: NIC Link is Up 1000 Mbps Full Duplex, Flow Control: None
Nov 10 05:10:05 ubuntuA3 kernel: [23006.983155] e1000: eth0: e1000_watchdog: NIC Link is Down
Nov 10 05:10:10 ubuntuA3 kernel: [23012.078334] e1000: eth0: e1000_watchdog: NIC Link is Up 1000 Mbps Full Duplex, Flow Control: None
Nov 10 05:25:35 ubuntuA3 kernel: [23936.058372] e1000: eth0: e1000_watchdog: NIC Link is Down
Nov 10 05:25:40 ubuntuA3 kernel: [23941.133546] e1000: eth0: e1000_watchdog: NIC Link is Up 1000 Mbps Full Duplex, Flow Control: None
Nov 10 05:30:26 ubuntuA3 kernel: [24226.772720] e1000: eth0: e1000_watchdog: NIC Link is Down
Nov 10 05:30:31 ubuntuA3 kernel: [24231.837986] e1000: eth0: e1000_watchdog: NIC Link is Up 1000 Mbps Full Duplex, Flow Control: None
Nov 10 05:30:56 ubuntuA3 kernel: [24256.742245] e1000: eth0: e1000_watchdog: NIC Link is Down
Nov 10 05:31:01 ubuntuA3 kernel: [24261.827454] e1000: eth0: e1000_watchdog: NIC Link is Up 1000 Mbps Full Duplex, Flow Control: None
Nov 10 05:40:49 ubuntuA3 kernel: [24849.149783] e1000: eth0: e1000_watchdog: NIC Link is Down
Nov 10 05:40:54 ubuntuA3 kernel: [24854.245611] e1000: eth0: e1000_watchdog: NIC Link is Up 1000 Mbps Full Duplex, Flow Control: None
Nov 10 06:06:41 ubuntuA3 -- MARK --
Nov 10 06:26:41 ubuntuA3 -- MARK --
Nov 10 06:39:53 ubuntuA3 syslogd 1.5.0#1ubuntu1: restart.
Nov 10 07:01:10 ubuntuA3 kernel: [29665.361918] e1000: eth0: e1000_watchdog: NIC Link is Down
Nov 10 07:01:15 ubuntuA3 kernel: [29670.447271] e1000: eth0: e1000_watchdog: NIC Link is Up 1000 Mbps Full Duplex, Flow Control: None
Nov 10 07:11:30 ubuntuA3 kernel: [30284.742242] e1000: eth0: e1000_watchdog: NIC Link is Down
Nov 10 07:11:35 ubuntuA3 kernel: [30289.817200] e1000: eth0: e1000_watchdog: NIC Link is Up 1000 Mbps Full Duplex, Flow Control: None
Nov 10 07:26:41 ubuntuA3 -- MARK --
Nov 10 07:31:16 ubuntuA3 kernel: [31469.567171] e1000: eth0: e1000_watchdog: NIC Link is Down
Nov 10 07:31:21 ubuntuA3 kernel: [31474.652251] e1000: eth0: e1000_watchdog: NIC Link is Up 1000 Mbps Full Duplex, Flow Control: None
Nov 10 07:31:53 ubuntuA3 kernel: [31506.529771] e1000: eth0: e1000_watchdog: NIC Link is Down
Nov 10 07:31:58 ubuntuA3 kernel: [31511.634682] e1000: eth0: e1000_watchdog: NIC Link is Up 1000 Mbps Full Duplex, Flow Control: None
Nov 10 07:46:41 ubuntuA3 -- MARK --
Nov 10 07:47:14 ubuntuA3 kernel: [32426.613827] e1000: eth0: e1000_watchdog: NIC Link is Down
Nov 10 07:47:19 ubuntuA3 kernel: [32431.699046] e1000: eth0: e1000_watchdog: NIC Link is Up 1000 Mbps Full Duplex, Flow Control: None
Nov 10 07:49:10 ubuntuA3 kernel: [32541.796697] e1000: eth0: e1000_watchdog: NIC Link is Down
Nov 10 07:49:15 ubuntuA3 kernel: [32546.782055] e1000: eth0: e1000_watchdog: NIC Link is Up 1000 Mbps Full Duplex, Flow Control: None
Nov 10 07:57:37 ubuntuA3 kernel: [33048.990877] e1000: eth0: e1000_watchdog: NIC Link is Down
Nov 10 07:57:42 ubuntuA3 kernel: [33054.076159] e1000: eth0: e1000_watchdog: NIC Link is Up 1000 Mbps Full Duplex, Flow Control: None
Nov 10 07:57:46 ubuntuA3 kernel: [33057.342592] e1000: eth0: e1000_watchdog: NIC Link is Down
Nov 10 07:57:51 ubuntuA3 kernel: [33062.397622] e1000: eth0: e1000_watchdog: NIC Link is Up 1000 Mbps Full Duplex, Flow Control: None
Nov 10 08:08:04 ubuntuA3 kernel: [33675.363902] e1000: eth0: e1000_watchdog: NIC Link is Down
Nov 10 08:08:09 ubuntuA3 kernel: [33680.389164] e1000: eth0: e1000_watchdog: NIC Link is Up 1000 Mbps Full Duplex, Flow Control: None
Nov 10 08:08:20 ubuntuA3 kernel: [33690.568433] e1000: eth0: e1000_watchdog: NIC Link is Down
Nov 10 08:08:25 ubuntuA3 kernel: [33695.673598] e1000: eth0: e1000_watchdog: NIC Link is Up 1000 Mbps Full Duplex, Flow Control: None
Nov 10 08:08:39 ubuntuA3 kernel: [33710.328346] e1000: eth0: e1000_watchdog: NIC Link is Down
Nov 10 08:08:44 ubuntuA3 kernel: [33715.353624] e1000: eth0: e1000_watchdog: NIC Link is Up 1000 Mbps Full Duplex, Flow Control: None
Nov 10 08:08:50 ubuntuA3 kernel: [33720.767804] e1000: eth0: e1000_watchdog: NIC Link is Down
Nov 10 08:08:55 ubuntuA3 kernel: [33725.843646] e1000: eth0: e1000_watchdog: NIC Link is Up 1000 Mbps Full Duplex, Flow Control: None
Nov 10 08:09:02 ubuntuA3 kernel: [33733.314976] e1000: eth0: e1000_watchdog: NIC Link is Down
Nov 10 08:09:07 ubuntuA3 kernel: [33738.370252] e1000: eth0: e1000_watchdog: NIC Link is Up 1000 Mbps Full Duplex, Flow Control: None
Nov 10 08:11:37 ubuntuA3 kernel: [33888.157496] e1000: eth0: e1000_watchdog: NIC Link is Down
Nov 10 08:11:42 ubuntuA3 kernel: [33893.152868] e1000: eth0: e1000_watchdog: NIC Link is Up 1000 Mbps Full Duplex, Flow Control: None
Nov 10 08:11:44 ubuntuA3 kernel: [33895.230273] e1000: eth0: e1000_watchdog: NIC Link is Down
Nov 10 08:11:49 ubuntuA3 kernel: [33900.175686] e1000: eth0: e1000_watchdog: NIC Link is Up 1000 Mbps Full Duplex, Flow Control: None
Nov 10 08:12:04 ubuntuA3 kernel: [33915.130136] e1000: eth0: e1000_watchdog: NIC Link is Down
Nov 10 08:12:09 ubuntuA3 kernel: [33920.205302] e1000: eth0: e1000_watchdog: NIC Link is Up 1000 Mbps Full Duplex, Flow Control: None
Nov 10 08:12:28 ubuntuA3 kernel: [33939.145658] e1000: eth0: e1000_watchdog: NIC Link is Down
Nov 10 08:12:33 ubuntuA3 kernel: [33944.140929] e1000: eth0: e1000_watchdog: NIC Link is Up 1000 Mbps Full Duplex, Flow Control: None
Nov 10 08:14:22 ubuntuA3 kernel: [34052.989897] e1000: eth0: e1000_watchdog: NIC Link is Down
Nov 10 08:14:27 ubuntuA3 kernel: [34058.075767] e1000: eth0: e1000_watchdog: NIC Link is Up 1000 Mbps Full Duplex, Flow Control: None
Nov 10 08:14:39 ubuntuA3 kernel: [34069.373217] e1000: eth0: e1000_watchdog: NIC Link is Down
Nov 10 08:14:44 ubuntuA3 kernel: [34074.428407] e1000: eth0: e1000_watchdog: NIC Link is Up 1000 Mbps Full Duplex, Flow Control: None
Nov 10 08:14:45 ubuntuA3 kernel: [34075.966526] e1000: eth0: e1000_watchdog: NIC Link is Down
Nov 10 08:14:50 ubuntuA3 kernel: [34080.972413] e1000: eth0: e1000_watchdog: NIC Link is Up 1000 Mbps Full Duplex, Flow Control: None
Nov 10 08:17:39 ubuntuA3 kernel: [34249.789724] e1000: eth0: e1000_watchdog: NIC Link is Down
Nov 10 08:17:44 ubuntuA3 kernel: [34254.865622] e1000: eth0: e1000_watchdog: NIC Link is Up 1000 Mbps Full Duplex, Flow Control: None
Nov 10 08:18:00 ubuntuA3 kernel: [34270.778408] e1000: eth0: e1000_watchdog: NIC Link is Down
Nov 10 08:18:05 ubuntuA3 kernel: [34275.813630] e1000: eth0: e1000_watchdog: NIC Link is Up 1000 Mbps Full Duplex, Flow Control: None
Nov 10 08:18:33 ubuntuA3 kernel: [34302.865768] e1000: eth0: e1000_watchdog: NIC Link is Down
Nov 10 08:18:38 ubuntuA3 kernel: [34307.971679] e1000: eth0: e1000_watchdog: NIC Link is Up 1000 Mbps Full Duplex, Flow Control: None
Nov 10 08:20:07 ubuntuA3 kernel: [34397.649449] e1000: eth0: e1000_watchdog: NIC Link is Down
Nov 10 08:20:12 ubuntuA3 kernel: [34402.644719] e1000: eth0: e1000_watchdog: NIC Link is Up 1000 Mbps Full Duplex, Flow Control: None
Nov 10 08:20:19 ubuntuA3 kernel: [34408.748327] e1000: eth0: e1000_watchdog: NIC Link is Down
Nov 10 08:20:24 ubuntuA3 kernel: [34413.833290] e1000: eth0: e1000_watchdog: NIC Link is Up 1000 Mbps Full Duplex, Flow Control: None
Nov 10 08:20:34 ubuntuA3 kernel: [34424.621952] e1000: eth0: e1000_watchdog: NIC Link is Down
Nov 10 08:20:39 ubuntuA3 kernel: [34429.617216] e1000: eth0: e1000_watchdog: NIC Link is Up 1000 Mbps Full Duplex, Flow Control: None
Nov 10 08:28:51 ubuntuA3 kernel: [34921.127026] e1000: eth0: e1000_watchdog: NIC Link is Down
Nov 10 08:28:57 ubuntuA3 kernel: [34926.222841] e1000: eth0: e1000_watchdog: NIC Link is Up 1000 Mbps Full Duplex, Flow Control: None
Nov 10 08:34:12 ubuntuA3 kernel: [35241.810911] e1000: eth0: e1000_watchdog: NIC Link is Down
Nov 10 08:34:18 ubuntuA3 kernel: [35246.896067] e1000: eth0: e1000_watchdog: NIC Link is Up 1000 Mbps Full Duplex, Flow Control: None
Nov 10 08:34:23 ubuntuA3 kernel: [35252.489992] e1000: eth0: e1000_watchdog: NIC Link is Down
Nov 10 08:34:28 ubuntuA3 kernel: [35257.595196] e1000: eth0: e1000_watchdog: NIC Link is Up 1000 Mbps Full Duplex, Flow Control: None
Nov 10 08:34:39 ubuntuA3 kernel: [35268.783478] e1000: eth0: e1000_watchdog: NIC Link is Down
Nov 10 08:34:44 ubuntuA3 kernel: [35273.829533] e1000: eth0: e1000_watchdog: NIC Link is Up 1000 Mbps Full Duplex, Flow Control: None
Nov 10 08:40:02 ubuntuA3 kernel: [35591.465285] e1000: eth0: e1000_watchdog: NIC Link is Down
Nov 10 08:40:08 ubuntuA3 kernel: [35596.520608] e1000: eth0: e1000_watchdog: NIC Link is Up 1000 Mbps Full Duplex, Flow Control: None
Nov 10 08:40:18 ubuntuA3 kernel: [35606.799685] e1000: eth0: e1000_watchdog: NIC Link is Down
Nov 10 08:40:23 ubuntuA3 kernel: [35611.864936] e1000: eth0: e1000_watchdog: NIC Link is Up 1000 Mbps Full Duplex, Flow Control: None
Nov 10 08:40:54 ubuntuA3 kernel: [35643.402502] e1000: eth0: e1000_watchdog: NIC Link is Down
Nov 10 08:40:59 ubuntuA3 kernel: [35648.387770] e1000: eth0: e1000_watchdog: NIC Link is Up 1000 Mbps Full Duplex, Flow Control: None
Nov 10 08:41:15 ubuntuA3 kernel: [35664.391397] e1000: eth0: e1000_watchdog: NIC Link is Down
Nov 10 08:41:21 ubuntuA3 kernel: [35669.486313] e1000: eth0: e1000_watchdog: NIC Link is Up 1000 Mbps Full Duplex, Flow Control: None
Nov 10 08:41:35 ubuntuA3 kernel: [35683.571878] e1000: eth0: e1000_watchdog: NIC Link is Down
Nov 10 08:41:40 ubuntuA3 kernel: [35688.647561] e1000: eth0: e1000_watchdog: NIC Link is Up 1000 Mbps Full Duplex, Flow Control: None
Nov 10 08:45:37 ubuntuA3 kernel: [35926.124983] e1000: eth0: e1000_watchdog: NIC Link is Down
Nov 10 08:45:43 ubuntuA3 kernel: [35931.190256] e1000: eth0: e1000_watchdog: NIC Link is Up 1000 Mbps Full Duplex, Flow Control: None
Nov 10 08:45:46 ubuntuA3 kernel: [35934.516464] e1000: eth0: e1000_watchdog: NIC Link is Down
Nov 10 08:45:51 ubuntuA3 kernel: [35939.531717] e1000: eth0: e1000_watchdog: NIC Link is Up 1000 Mbps Full Duplex, Flow Control: None
Nov 10 08:51:49 ubuntuA3 kernel: [36297.757057] e1000: eth0: e1000_watchdog: NIC Link is Down
Nov 10 08:51:54 ubuntuA3 kernel: [36302.732420] e1000: eth0: e1000_watchdog: NIC Link is Up 1000 Mbps Full Duplex, Flow Control: None
Nov 10 09:02:12 ubuntuA3 kernel: [36920.134125] e1000: eth0: e1000_watchdog: NIC Link is Down
Nov 10 09:02:17 ubuntuA3 kernel: [36925.109417] e1000: eth0: e1000_watchdog: NIC Link is Up 1000 Mbps Full Duplex, Flow Control: None
Nov 10 09:06:04 ubuntuA3 kernel: [37151.908597] e1000: eth0: e1000_watchdog: NIC Link is Down
Nov 10 09:06:09 ubuntuA3 kernel: [37156.884039] e1000: eth0: e1000_watchdog: NIC Link is Up 1000 Mbps Full Duplex, Flow Control: None
Nov 10 09:16:27 ubuntuA3 kernel: [37774.285446] e1000: eth0: e1000_watchdog: NIC Link is Down
Nov 10 09:16:32 ubuntuA3 kernel: [37779.260733] e1000: eth0: e1000_watchdog: NIC Link is Up 1000 Mbps Full Duplex, Flow Control: None
Nov 10 09:17:35 ubuntuA3 kernel: [37842.216663] e1000: eth0: e1000_watchdog: NIC Link is Down
Nov 10 09:17:40 ubuntuA3 kernel: [37847.191769] e1000: eth0: e1000_watchdog: NIC Link is Up 1000 Mbps Full Duplex, Flow Control: None
Nov 10 09:21:50 ubuntuA3 kernel: [38096.967349] e1000: eth0: e1000_watchdog: NIC Link is Down
